*** Using Compiler 'V6.21', folder: 'D:\Keil\ARM\ARMCLANG\Bin'
Build target 'CtrlBoard-H7_IMU'
compiling gpio.c...
compiling stm32h7xx_hal_timebase_tim.c...
compiling main.c...
../Core/Src/freertos.c(25): warning: In file included from...../User/APP\AGV_Chassis_Task.h(5): warning: In file included from...../User/Devices/DJI_Motor\DJI_Motor.h(22): warning: In file included from...../User/Algorithm/PID\pid.h(24): warning: redefinition of typedef 'fp32' is a C11 feature [-Wtypedef-redefinition]
   24 | typedef float fp32;
      |               ^
../Core/Inc\main.h(78): note: previous definition is here
   78 | typedef float fp32;
      |               ^
../Core/Src/freertos.c(25): warning: In file included from...../User/APP\AGV_Chassis_Task.h(7): warning: redefinition of typedef 'fp32' is a C11 feature [-Wtypedef-redefinition]
    7 | typedef float fp32;
      |               ^
../User/Algorithm/PID\pid.h(24): note: previous definition is here
   24 | typedef float fp32;
      |               ^
2 warnings generated.
compiling freertos.c...
compiling stm32h7xx_hal_mdma.c...
compiling fdcan.c...
compiling stm32h7xx_hal_pcd.c...
compiling tim.c...
compiling stm32h7xx_hal_pcd_ex.c...
compiling usart.c...
compiling stm32h7xx_hal_rcc.c...
compiling stm32h7xx_hal_pwr_ex.c...
compiling stm32h7xx_it.c...
compiling stm32h7xx_hal_flash_ex.c...
compiling spi.c...
compiling stm32h7xx_hal_hsem.c...
compiling stm32h7xx_hal_pwr.c...
compiling dma.c...
compiling stm32h7xx_hal_cortex.c...
compiling stm32h7xx_hal_i2c.c...
compiling stm32h7xx_hal_rcc_ex.c...
compiling stm32h7xx_hal_tim_ex.c...
compiling stm32h7xx_hal_flash.c...
compiling stm32h7xx_hal_msp.c...
compiling stm32h7xx_hal.c...
compiling stm32h7xx_hal_i2c_ex.c...
compiling stm32h7xx_hal_gpio.c...
compiling stm32h7xx_hal_exti.c...
compiling stm32h7xx_hal_uart_ex.c...
compiling stm32h7xx_hal_spi_ex.c...
compiling stm32h7xx_hal_dma_ex.c...
compiling system_stm32h7xx.c...
compiling BMI088Middleware.c...
compiling BMI088driver.c...
compiling Remote_Control.c...
compiling stm32h7xx_ll_usb.c...
compiling stm32h7xx_hal_dma.c...
compiling stm32h7xx_hal_spi.c...
compiling mahony_filter.c...
compiling stm32h7xx_hal_fdcan.c...
../User/Devices/DM_Motor/DM_Motor.c(15): warning: In file included from...../User/Devices/DM_Motor\DM_Motor.h(21): warning: In file included from...../User/Algorithm/PID\pid.h(24): warning: redefinition of typedef 'fp32' is a C11 feature [-Wtypedef-redefinition]
   24 | typedef float fp32;
      |               ^
../Core/Inc\main.h(78): note: previous definition is here
   78 | typedef float fp32;
      |               ^
../User/Devices/DM_Motor/DM_Motor.c(19): warning: In file included from...../User/APP\AGV_Chassis_Task.h(7): warning: redefinition of typedef 'fp32' is a C11 feature [-Wtypedef-redefinition]
    7 | typedef float fp32;
      |               ^
../User/Algorithm/PID\pid.h(24): note: previous definition is here
   24 | typedef float fp32;
      |               ^
2 warnings generated.
compiling DM_Motor.c...
../User/Devices/DJI_Motor/DJI_Motor.c(15): warning: In file included from...../User/Devices/DJI_Motor\DJI_Motor.h(22): warning: In file included from...../User/Algorithm/PID\pid.h(24): warning: redefinition of typedef 'fp32' is a C11 feature [-Wtypedef-redefinition]
   24 | typedef float fp32;
      |               ^
../Core/Inc\main.h(78): note: previous definition is here
   78 | typedef float fp32;
      |               ^
1 warning generated.
compiling DJI_Motor.c...
compiling stm32h7xx_hal_uart.c...
compiling QuaternionEKF.c...
compiling kalman_filter.c...
compiling VMC_calc.c...
compiling stm32h7xx_hal_tim.c...
compiling CRC.c...
compiling croutine.c...
../User/Algorithm/PID/pid.c(15): warning: In file included from...../User/Algorithm/PID\pid.h(24): warning: redefinition of typedef 'fp32' is a C11 feature [-Wtypedef-redefinition]
   24 | typedef float fp32;
      |               ^
../Core/Inc\main.h(78): note: previous definition is here
   78 | typedef float fp32;
      |               ^
1 warning generated.
compiling pid.c...
compiling event_groups.c...
compiling FIFO.c...
../User/Lib/user_lib.c(17): warning: In file included from...../User/Lib\user_lib.h(118): warning: 'packed' attribute ignored [-Wignored-attributes]
  118 | typedef __packed struct
      |         ^
../Drivers/STM32H7xx_HAL_Driver/Inc\stm32h7xx_hal_def.h(115): note: expanded from macro '__packed'
  115 |     #define __packed  __attribute__((packed))
      |                                      ^
1 warning generated.
compiling user_lib.c...
compiling list.c...
compiling timers.c...
compiling stream_buffer.c...
compiling queue.c...
compiling heap_4.c...
compiling port.c...
compiling cmsis_os.c...
compiling tasks.c...
../User/APP/INS_task.c(16): warning: In file included from...../User/Controller\controller.h(23): warning: In file included from...../User/Lib\user_lib.h(118): warning: 'packed' attribute ignored [-Wignored-attributes]
  118 | typedef __packed struct
      |         ^
../Drivers/STM32H7xx_HAL_Driver/Inc\stm32h7xx_hal_def.h(115): note: expanded from macro '__packed'
  115 |     #define __packed  __attribute__((packed))
      |                                      ^
../User/APP/INS_task.c(16): warning: In file included from...../User/Controller\controller.h(48): warning: 'packed' attribute ignored [-Wignored-attributes]
   48 | typedef __packed struct
      |         ^
../Drivers/STM32H7xx_HAL_Driver/Inc\stm32h7xx_hal_def.h(115): note: expanded from macro '__packed'
  115 |     #define __packed  __attribute__((packed))
      |                                      ^
../User/APP/INS_task.c(16): warning: In file included from...../User/Controller\controller.h(98): warning: 'packed' attribute ignored [-Wignored-attributes]
   98 | typedef __packed struct
      |         ^
../Drivers/STM32H7xx_HAL_Driver/Inc\stm32h7xx_hal_def.h(115): note: expanded from macro '__packed'
  115 |     #define __packed  __attribute__((packed))
      |                                      ^
../User/APP/INS_task.c(16): warning: In file included from...../User/Controller\controller.h(104): warning: 'packed' attribute ignored [-Wignored-attributes]
  104 | typedef __packed struct pid_t
      |         ^
../Drivers/STM32H7xx_HAL_Driver/Inc\stm32h7xx_hal_def.h(115): note: expanded from macro '__packed'
  115 |     #define __packed  __attribute__((packed))
      |                                      ^
../User/APP/INS_task.c(16): warning: In file included from...../User/Controller\controller.h(173): warning: 'packed' attribute ignored [-Wignored-attributes]
  173 | typedef __packed struct
      |         ^
../Drivers/STM32H7xx_HAL_Driver/Inc\stm32h7xx_hal_def.h(115): note: expanded from macro '__packed'
  115 |     #define __packed  __attribute__((packed))
      |                                      ^
../User/APP/INS_task.c(16): warning: In file included from...../User/Controller\controller.h(212): warning: 'packed' attribute ignored [-Wignored-attributes]
  212 | typedef __packed struct
      |         ^
../Drivers/STM32H7xx_HAL_Driver/Inc\stm32h7xx_hal_def.h(115): note: expanded from macro '__packed'
  115 |     #define __packed  __attribute__((packed))
      |                                      ^
../User/APP/INS_task.c(16): warning: In file included from...../User/Controller\controller.h(255): warning: 'packed' attribute ignored [-Wignored-attributes]
  255 | typedef __packed struct
      |         ^
../Drivers/STM32H7xx_HAL_Driver/Inc\stm32h7xx_hal_def.h(115): note: expanded from macro '__packed'
  115 |     #define __packed  __attribute__((packed))
      |                                      ^
7 warnings generated.
compiling INS_task.c...
compiling bsp_dwt.c...
compiling bsp_PWM.c...
../User/APP/AGV_Chassis_Task.c(1): warning: In file included from...../User/APP\AGV_Chassis_Task.h(5): warning: In file included from...../User/Devices/DJI_Motor\DJI_Motor.h(22): warning: In file included from...../User/Algorithm/PID\pid.h(24): warning: redefinition of typedef 'fp32' is a C11 feature [-Wtypedef-redefinition]
   24 | typedef float fp32;
      |               ^
../Core/Inc\main.h(78): note: previous definition is here
   78 | typedef float fp32;
      |               ^
../User/APP/AGV_Chassis_Task.c(1): warning: In file included from...../User/APP\AGV_Chassis_Task.h(7): warning: redefinition of typedef 'fp32' is a C11 feature [-Wtypedef-redefinition]
    7 | typedef float fp32;
      |               ^
../User/Algorithm/PID\pid.h(24): note: previous definition is here
   24 | typedef float fp32;
      |               ^
2 warnings generated.
compiling AGV_Chassis_Task.c...
../User/Bsp/bsp_can.c(18): warning: In file included from...../User/Devices/DJI_Motor\DJI_Motor.h(22): warning: In file included from...../User/Algorithm/PID\pid.h(24): warning: redefinition of typedef 'fp32' is a C11 feature [-Wtypedef-redefinition]
   24 | typedef float fp32;
      |               ^
../Core/Inc\main.h(78): note: previous definition is here
   78 | typedef float fp32;
      |               ^
../User/Bsp/bsp_can.c(20): warning: In file included from...../User/APP\AGV_Chassis_Task.h(7): warning: redefinition of typedef 'fp32' is a C11 feature [-Wtypedef-redefinition]
    7 | typedef float fp32;
      |               ^
../User/Algorithm/PID\pid.h(24): note: previous definition is here
   24 | typedef float fp32;
      |               ^
2 warnings generated.
compiling bsp_can.c...
compiling bsp_uart.c...
compiling bsp_usb.c...
compiling usb_device.c...
compiling usbd_desc.c...
../User/Controller/controller.c(14): warning: In file included from...../User/Controller\controller.h(23): warning: In file included from...../User/Lib\user_lib.h(118): warning: 'packed' attribute ignored [-Wignored-attributes]
  118 | typedef __packed struct
      |         ^
../Drivers/STM32H7xx_HAL_Driver/Inc\stm32h7xx_hal_def.h(115): note: expanded from macro '__packed'
  115 |     #define __packed  __attribute__((packed))
      |                                      ^
../User/Controller/controller.c(14): warning: In file included from...../User/Controller\controller.h(48): warning: 'packed' attribute ignored [-Wignored-attributes]
   48 | typedef __packed struct
      |         ^
../Drivers/STM32H7xx_HAL_Driver/Inc\stm32h7xx_hal_def.h(115): note: expanded from macro '__packed'
  115 |     #define __packed  __attribute__((packed))
      |                                      ^
../User/Controller/controller.c(14): warning: In file included from...../User/Controller\controller.h(98): warning: 'packed' attribute ignored [-Wignored-attributes]
   98 | typedef __packed struct
      |         ^
../Drivers/STM32H7xx_HAL_Driver/Inc\stm32h7xx_hal_def.h(115): note: expanded from macro '__packed'
  115 |     #define __packed  __attribute__((packed))
      |                                      ^
../User/Controller/controller.c(14): warning: In file included from...../User/Controller\controller.h(104): warning: 'packed' attribute ignored [-Wignored-attributes]
  104 | typedef __packed struct pid_t
      |         ^
../Drivers/STM32H7xx_HAL_Driver/Inc\stm32h7xx_hal_def.h(115): note: expanded from macro '__packed'
  115 |     #define __packed  __attribute__((packed))
      |                                      ^
../User/Controller/controller.c(14): warning: In file included from...../User/Controller\controller.h(173): warning: 'packed' attribute ignored [-Wignored-attributes]
  173 | typedef __packed struct
      |         ^
../Drivers/STM32H7xx_HAL_Driver/Inc\stm32h7xx_hal_def.h(115): note: expanded from macro '__packed'
  115 |     #define __packed  __attribute__((packed))
      |                                      ^
../User/Controller/controller.c(14): warning: In file included from...../User/Controller\controller.h(212): warning: 'packed' attribute ignored [-Wignored-attributes]
  212 | typedef __packed struct
      |         ^
../Drivers/STM32H7xx_HAL_Driver/Inc\stm32h7xx_hal_def.h(115): note: expanded from macro '__packed'
  115 |     #define __packed  __attribute__((packed))
      |                                      ^
../User/Controller/controller.c(14): warning: In file included from...../User/Controller\controller.h(255): warning: 'packed' attribute ignored [-Wignored-attributes]
  255 | typedef __packed struct
      |         ^
../Drivers/STM32H7xx_HAL_Driver/Inc\stm32h7xx_hal_def.h(115): note: expanded from macro '__packed'
  115 |     #define __packed  __attribute__((packed))
      |                                      ^
7 warnings generated.
compiling controller.c...
compiling usbd_cdc_if.c...
compiling usbd_ioreq.c...
compiling usbd_conf.c...
compiling usbd_core.c...
compiling usbd_cdc.c...
compiling usbd_ctlreq.c...
linking...
Program Size: Code=50276 RO-data=1080 RW-data=2900 ZI-data=43868  
FromELF: creating hex file...
"CtrlBoard-H7_IMU\CtrlBoard-H7_IMU.axf" - 0 Error(s), 25 Warning(s).
Build Time Elapsed:  00:00:04
