<html>
<body>
<pre>
<h1>µVision Build Log</h1>
<h2>Tool Versions:</h2>
IDE-Version: ¦ÌVision V5.43.1.0
Copyright (C) 2025 ARM Ltd and ARM Germany GmbH. All rights reserved.
License Information: A Car, 9, LIC=HN0AE-5U1H9-UHG8H-WGN20-BXKR2-J2ULA
 
Tool Versions:
Toolchain:       MDK-ARM Plus  Version: 5.43.0.0
Toolchain Path:  D:\Keil\ARM\ARMCC\Bin
C Compiler:      Armcc.exe V5.06 update 5 (build 528)
Assembler:       Armasm.exe V5.06 update 5 (build 528)
Linker/Locator:  ArmLink.exe V5.06 update 5 (build 528)
Library Manager: ArmAr.exe V5.06 update 5 (build 528)
Hex Converter:   FromElf.exe V5.06 update 5 (build 528)
CPU DLL:         SARMCM3.DLL V5.43.0.0
Dialog DLL:      DCM.DLL V1.17.5.0
Target DLL:      CMSIS_AGDI.dll V1.33.24.0
Dialog DLL:      TCM.DLL V1.56.6.0
 
<h2>Project:</h2>
D:\DeskTop\Mix\RCC\Rear_kick_leg_chassis_code_framework\MDK-ARM\CtrlBoard-H7_IMU.uvprojx
Project File Date:  03/18/2026

<h2>Output:</h2>
*** Using Compiler 'V5.06 update 5 (build 528)', folder: 'D:\Keil\ARM\ARMCC\Bin'
Build target 'CtrlBoard-H7_IMU'
Clean started - Project: 'CtrlBoard-H7_IMU'
   deleting intermediate output files for target 'CtrlBoard-H7_IMU'
Clean done
assembling startup_stm32h723xx.s...
compiling main.c...
compiling gpio.c...
compiling freertos.c...
compiling dma.c...
compiling fdcan.c...
compiling spi.c...
compiling tim.c...
compiling usart.c...
compiling stm32h7xx_it.c...
compiling stm32h7xx_hal_msp.c...
compiling stm32h7xx_hal_timebase_tim.c...
compiling stm32h7xx_hal_tim.c...
compiling stm32h7xx_hal_tim_ex.c...
compiling stm32h7xx_hal_pcd.c...
compiling stm32h7xx_hal_pcd_ex.c...
compiling stm32h7xx_ll_usb.c...
compiling stm32h7xx_hal_rcc.c...
compiling stm32h7xx_hal_rcc_ex.c...
compiling stm32h7xx_hal_flash.c...
compiling stm32h7xx_hal_flash_ex.c...
compiling stm32h7xx_hal_gpio.c...
compiling stm32h7xx_hal_hsem.c...
compiling stm32h7xx_hal_dma.c...
compiling stm32h7xx_hal_dma_ex.c...
compiling stm32h7xx_hal_mdma.c...
compiling stm32h7xx_hal_pwr.c...
compiling stm32h7xx_hal_pwr_ex.c...
compiling stm32h7xx_hal_cortex.c...
compiling stm32h7xx_hal.c...
compiling stm32h7xx_hal_i2c.c...
compiling stm32h7xx_hal_i2c_ex.c...
compiling stm32h7xx_hal_exti.c...
compiling stm32h7xx_hal_fdcan.c...
compiling stm32h7xx_hal_spi.c...
compiling stm32h7xx_hal_spi_ex.c...
compiling stm32h7xx_hal_uart.c...
compiling stm32h7xx_hal_uart_ex.c...
compiling system_stm32h7xx.c...
compiling BMI088driver.c...
compiling BMI088Middleware.c...
compiling Remote_Control.c...
compiling DJI_Motor.c...
compiling DM_Motor.c...
compiling mahony_filter.c...
compiling QuaternionEKF.c...
compiling VMC_calc.c...
compiling kalman_filter.c...
compiling user_lib.c...
compiling pid.c...
compiling FIFO.c...
compiling CRC.c...
compiling croutine.c...
compiling event_groups.c...
compiling list.c...
compiling queue.c...
compiling stream_buffer.c...
compiling tasks.c...
compiling timers.c...
compiling cmsis_os.c...
compiling heap_4.c...
compiling port.c...
compiling INS_task.c...
compiling bsp_dwt.c...
compiling bsp_PWM.c...
compiling bsp_uart.c...
compiling bsp_can.c...
compiling bsp_usb.c...
compiling controller.c...
compiling usb_device.c...
compiling usbd_desc.c...
compiling usbd_cdc_if.c...
compiling usbd_conf.c...
compiling usbd_core.c...
compiling usbd_ctlreq.c...
compiling usbd_ioreq.c...
compiling usbd_cdc.c...
linking...
Program Size: Code=49260 RO-data=1036 RW-data=2716 ZI-data=42540  
"CtrlBoard-H7_IMU\CtrlBoard-H7_IMU.axf" - 0 Error(s), 0 Warning(s).

*** Performing Cross-Module-Optimization:
compiling main.c...
compiling gpio.c...
compiling freertos.c...
compiling dma.c...
compiling fdcan.c...
compiling spi.c...
compiling tim.c...
compiling usart.c...
compiling stm32h7xx_it.c...
compiling stm32h7xx_hal_msp.c...
compiling stm32h7xx_hal_timebase_tim.c...
compiling stm32h7xx_hal_tim.c...
compiling stm32h7xx_hal_tim_ex.c...
compiling stm32h7xx_hal_pcd.c...
compiling stm32h7xx_hal_pcd_ex.c...
compiling stm32h7xx_ll_usb.c...
compiling stm32h7xx_hal_rcc.c...
compiling stm32h7xx_hal_rcc_ex.c...
compiling stm32h7xx_hal_flash.c...
compiling stm32h7xx_hal_flash_ex.c...
compiling stm32h7xx_hal_gpio.c...
compiling stm32h7xx_hal_hsem.c...
compiling stm32h7xx_hal_dma.c...
compiling stm32h7xx_hal_dma_ex.c...
compiling stm32h7xx_hal_mdma.c...
compiling stm32h7xx_hal_pwr.c...
compiling stm32h7xx_hal_pwr_ex.c...
compiling stm32h7xx_hal_cortex.c...
compiling stm32h7xx_hal.c...
compiling stm32h7xx_hal_i2c.c...
compiling stm32h7xx_hal_i2c_ex.c...
compiling stm32h7xx_hal_exti.c...
compiling stm32h7xx_hal_fdcan.c...
compiling stm32h7xx_hal_spi.c...
compiling stm32h7xx_hal_spi_ex.c...
compiling stm32h7xx_hal_uart.c...
compiling stm32h7xx_hal_uart_ex.c...
compiling system_stm32h7xx.c...
compiling BMI088driver.c...
compiling BMI088Middleware.c...
compiling Remote_Control.c...
compiling DJI_Motor.c...
compiling DM_Motor.c...
compiling mahony_filter.c...
compiling QuaternionEKF.c...
compiling VMC_calc.c...
compiling kalman_filter.c...
compiling user_lib.c...
compiling pid.c...
compiling FIFO.c...
compiling CRC.c...
compiling event_groups.c...
compiling queue.c...
compiling stream_buffer.c...
compiling tasks.c...
compiling cmsis_os.c...
compiling heap_4.c...
compiling port.c...
compiling INS_task.c...
compiling bsp_dwt.c...
compiling bsp_PWM.c...
compiling bsp_uart.c...
compiling bsp_can.c...
compiling bsp_usb.c...
compiling controller.c...
compiling usb_device.c...
compiling usbd_desc.c...
compiling usbd_cdc_if.c...
compiling usbd_conf.c...
compiling usbd_core.c...
compiling usbd_ctlreq.c...
compiling usbd_ioreq.c...
compiling usbd_cdc.c...
linking...
Program Size: Code=49260 RO-data=1036 RW-data=2716 ZI-data=42540  
FromELF: creating hex file...
"CtrlBoard-H7_IMU\CtrlBoard-H7_IMU.axf" - 0 Error(s), 0 Warning(s).
*** Completed Cross-Module-Optimization after 2 iteration(s).

<h2>Software Packages used:</h2>

Package Vendor: ARM
                https://www.keil.com/pack/ARM.CMSIS.6.3.0.pack
                ARM::CMSIS@6.3.0
                CMSIS (Common Microcontroller Software Interface Standard)
   * Component: CORE Version: 6.2.0

Package Vendor: Keil
                http://www.keil.com/pack/Keil.STM32H7xx_DFP.3.0.0.pack
                Keil::STM32H7xx_DFP@3.0.0
                STMicroelectronics STM32H7 Series Device Support and Examples

<h2>Collection of Component include folders:</h2>
  ./RTE/_CtrlBoard-H7_IMU
  D:/Keil/ARM/PACK/ARM/CMSIS/6.3.0/CMSIS/Core/Include
  D:/Keil/ARM/PACK/Keil/STM32H7xx_DFP/3.0.0/Drivers/CMSIS/Device/ST/STM32H7xx/Include

<h2>Collection of Component Files used:</h2>

   * Component: ARM::CMSIS:CORE@6.2.0
Build Time Elapsed:  00:06:24
</pre>
</body>
</html>
