Component: ARM Compiler 5.06 update 5 (build 528) Tool: armlink [4d35e2]

==============================================================================

Section Cross References

    startup_stm32f103xb.o(STACK) refers (Special) to heapauxi.o(.text) for __use_two_region_memory
    startup_stm32f103xb.o(HEAP) refers (Special) to heapauxi.o(.text) for __use_two_region_memory
    startup_stm32f103xb.o(RESET) refers (Special) to heapauxi.o(.text) for __use_two_region_memory
    startup_stm32f103xb.o(RESET) refers to startup_stm32f103xb.o(STACK) for __initial_sp
    startup_stm32f103xb.o(RESET) refers to startup_stm32f103xb.o(.text) for Reset_Handler
    startup_stm32f103xb.o(RESET) refers to stm32f1xx_it.o(i.NMI_Handler) for NMI_Handler
    startup_stm32f103xb.o(RESET) refers to stm32f1xx_it.o(i.HardFault_Handler) for HardFault_Handler
    startup_stm32f103xb.o(RESET) refers to stm32f1xx_it.o(i.MemManage_Handler) for MemManage_Handler
    startup_stm32f103xb.o(RESET) refers to stm32f1xx_it.o(i.BusFault_Handler) for BusFault_Handler
    startup_stm32f103xb.o(RESET) refers to stm32f1xx_it.o(i.UsageFault_Handler) for UsageFault_Handler
    startup_stm32f103xb.o(RESET) refers to stm32f1xx_it.o(i.SVC_Handler) for SVC_Handler
    startup_stm32f103xb.o(RESET) refers to stm32f1xx_it.o(i.DebugMon_Handler) for DebugMon_Handler
    startup_stm32f103xb.o(RESET) refers to stm32f1xx_it.o(i.PendSV_Handler) for PendSV_Handler
    startup_stm32f103xb.o(RESET) refers to stm32f1xx_it.o(i.SysTick_Handler) for SysTick_Handler
    startup_stm32f103xb.o(RESET) refers to stm32f1xx_it.o(i.DMA1_Channel4_IRQHandler) for DMA1_Channel4_IRQHandler
    startup_stm32f103xb.o(RESET) refers to stm32f1xx_it.o(i.TIM1_UP_IRQHandler) for TIM1_UP_IRQHandler
    startup_stm32f103xb.o(RESET) refers to stm32f1xx_it.o(i.USART1_IRQHandler) for USART1_IRQHandler
    startup_stm32f103xb.o(RESET) refers to stm32f1xx_it.o(i.USART2_IRQHandler) for USART2_IRQHandler
    startup_stm32f103xb.o(.text) refers (Special) to heapauxi.o(.text) for __use_two_region_memory
    startup_stm32f103xb.o(.text) refers to system_stm32f1xx.o(i.SystemInit) for SystemInit
    startup_stm32f103xb.o(.text) refers to __main.o(!!!main) for __main
    startup_stm32f103xb.o(.text) refers to startup_stm32f103xb.o(HEAP) for Heap_Mem
    startup_stm32f103xb.o(.text) refers to startup_stm32f103xb.o(STACK) for Stack_Mem
    main.o(i.HAL_TIM_PeriodElapsedCallback) refers to key.o(i.Key_Tick) for Key_Tick
    main.o(i.HAL_TIM_PeriodElapsedCallback) refers to mpu6050.o(i.MPU6050_GetData) for MPU6050_GetData
    main.o(i.HAL_TIM_PeriodElapsedCallback) refers to compfilter.o(i.Complementary_Filter) for Complementary_Filter
    main.o(i.HAL_TIM_PeriodElapsedCallback) refers to encoder.o(i.Encoder_GetM1) for Encoder_GetM1
    main.o(i.HAL_TIM_PeriodElapsedCallback) refers to dflt_clz.o(x$fpl$dflt) for __aeabi_i2d
    main.o(i.HAL_TIM_PeriodElapsedCallback) refers to ddiv.o(x$fpl$ddiv) for __aeabi_ddiv
    main.o(i.HAL_TIM_PeriodElapsedCallback) refers to d2f.o(x$fpl$d2f) for __aeabi_d2f
    main.o(i.HAL_TIM_PeriodElapsedCallback) refers to encoder.o(i.Encoder_GetM2) for Encoder_GetM2
    main.o(i.HAL_TIM_PeriodElapsedCallback) refers to motor_driver.o(i.Car_SpeedM1Driver) for Car_SpeedM1Driver
    main.o(i.HAL_TIM_PeriodElapsedCallback) refers to motor_driver.o(i.Car_SpeedM2Driver) for Car_SpeedM2Driver
    main.o(i.HAL_TIM_PeriodElapsedCallback) refers to main.o(.data) for count
    main.o(i.SystemClock_Config) refers to rt_memclr_w.o(.text) for __aeabi_memclr4
    main.o(i.SystemClock_Config) refers to stm32f1xx_hal_rcc.o(i.HAL_RCC_OscConfig) for HAL_RCC_OscConfig
    main.o(i.SystemClock_Config) refers to main.o(i.Error_Handler) for Error_Handler
    main.o(i.SystemClock_Config) refers to stm32f1xx_hal_rcc.o(i.HAL_RCC_ClockConfig) for HAL_RCC_ClockConfig
    main.o(i.main) refers to stm32f1xx_hal.o(i.HAL_Init) for HAL_Init
    main.o(i.main) refers to main.o(i.SystemClock_Config) for SystemClock_Config
    main.o(i.main) refers to gpio.o(i.MX_GPIO_Init) for MX_GPIO_Init
    main.o(i.main) refers to dma.o(i.MX_DMA_Init) for MX_DMA_Init
    main.o(i.main) refers to i2c.o(i.MX_I2C1_Init) for MX_I2C1_Init
    main.o(i.main) refers to usart.o(i.MX_USART1_UART_Init) for MX_USART1_UART_Init
    main.o(i.main) refers to usart.o(i.MX_USART2_UART_Init) for MX_USART2_UART_Init
    main.o(i.main) refers to tim.o(i.MX_TIM1_Init) for MX_TIM1_Init
    main.o(i.main) refers to tim.o(i.MX_TIM2_Init) for MX_TIM2_Init
    main.o(i.main) refers to tim.o(i.MX_TIM3_Init) for MX_TIM3_Init
    main.o(i.main) refers to tim.o(i.MX_TIM4_Init) for MX_TIM4_Init
    main.o(i.main) refers to stm32f1xx_hal_tim.o(i.HAL_TIM_Base_Start_IT) for HAL_TIM_Base_Start_IT
    main.o(i.main) refers to stm32f1xx_hal_tim.o(i.HAL_TIM_Base_Start) for HAL_TIM_Base_Start
    main.o(i.main) refers to stm32f1xx_hal_tim.o(i.HAL_TIM_Encoder_Start) for HAL_TIM_Encoder_Start
[...]
    __use_two_region_memory                  0x080003b5   Thumb Code     2  heapauxi.o(.text)
    __rt_heap_escrow$2region                 0x080003b7   Thumb Code     2  heapauxi.o(.text)
    __rt_heap_expand$2region                 0x080003b9   Thumb Code     2  heapauxi.o(.text)
    __aeabi_errno_addr                       0x080003bd   Thumb Code     8  rt_errno_addr_intlibspace.o(.text)
    __errno$intlibspace                      0x080003bd   Thumb Code     0  rt_errno_addr_intlibspace.o(.text)
    __rt_errno_addr$intlibspace              0x080003bd   Thumb Code     0  rt_errno_addr_intlibspace.o(.text)
    __read_errno                             0x080003c5   Thumb Code    10  _rserrno.o(.text)
    __set_errno                              0x080003cf   Thumb Code    12  _rserrno.o(.text)
    _printf_pre_padding                      0x080003db   Thumb Code    44  _printf_pad.o(.text)
    _printf_post_padding                     0x08000407   Thumb Code    34  _printf_pad.o(.text)
    _printf_truncate_signed                  0x08000429   Thumb Code    18  _printf_truncate.o(.text)
    _printf_truncate_unsigned                0x0800043b   Thumb Code    18  _printf_truncate.o(.text)
    _printf_str                              0x0800044d   Thumb Code    82  _printf_str.o(.text)
    _printf_int_dec                          0x080004a1   Thumb Code   104  _printf_dec.o(.text)
    _printf_charcount                        0x08000519   Thumb Code    40  _printf_charcount.o(.text)
    _printf_char_common                      0x0800054b   Thumb Code    32  _printf_char_common.o(.text)
    _sputc                                   0x08000571   Thumb Code    10  _sputc.o(.text)
    _printf_wctomb                           0x0800057d   Thumb Code   182  _printf_wctomb.o(.text)
    _printf_longlong_dec                     0x08000639   Thumb Code   108  _printf_longlong_dec.o(.text)
    _printf_longlong_oct                     0x080006b5   Thumb Code    66  _printf_oct_int_ll.o(.text)
    _printf_int_oct                          0x080006f7   Thumb Code    24  _printf_oct_int_ll.o(.text)
    _printf_ll_oct                           0x0800070f   Thumb Code    12  _printf_oct_int_ll.o(.text)
    _printf_longlong_hex                     0x08000725   Thumb Code    86  _printf_hex_int_ll_ptr.o(.text)
    _printf_int_hex                          0x0800077b   Thumb Code    28  _printf_hex_int_ll_ptr.o(.text)
    _printf_ll_hex                           0x08000797   Thumb Code    12  _printf_hex_int_ll_ptr.o(.text)
    _printf_hex_ptr                          0x080007a3   Thumb Code    18  _printf_hex_int_ll_ptr.o(.text)
    __printf                                 0x080007b9   Thumb Code   388  __printf_flags_ss_wp.o(.text)
    __strtod_int                             0x0800097d   Thumb Code    90  strtod.o(.text)
    __strtok_internal                        0x080009e5   Thumb Code    64  strtok_int.o(.text)
    __user_libspace                          0x08000a29   Thumb Code     8  libspace.o(.text)
    __user_perproc_libspace                  0x08000a29   Thumb Code     0  libspace.o(.text)
    __user_perthread_libspace                0x08000a29   Thumb Code     0  libspace.o(.text)
    __rt_ctype_table                         0x08000a31   Thumb Code    16  rt_ctype_table.o(.text)
    _ll_udiv10                               0x08000a41   Thumb Code   138  lludiv10.o(.text)
    isspace                                  0x08000acb   Thumb Code    18  isspace.o(.text)
    _printf_int_common                       0x08000add   Thumb Code   178  _printf_intcommon.o(.text)
    __lib_sel_fp_printf                      0x08000b8f   Thumb Code     2  _printf_fp_dec.o(.text)
    _printf_fp_dec_real                      0x08000d41   Thumb Code   620  _printf_fp_dec.o(.text)
    _printf_fp_hex_real                      0x08000fad   Thumb Code   756  _printf_fp_hex.o(.text)
    _printf_cs_common                        0x080012a9   Thumb Code    20  _printf_char.o(.text)
    _printf_char                             0x080012bd   Thumb Code    16  _printf_char.o(.text)
    _printf_string                           0x080012cd   Thumb Code     8  _printf_char.o(.text)
    _printf_lcs_common                       0x080012d5   Thumb Code    20  _printf_wchar.o(.text)
    _printf_wchar                            0x080012e9   Thumb Code    16  _printf_wchar.o(.text)
    _printf_wstring                          0x080012f9   Thumb Code     8  _printf_wchar.o(.text)
    _sgetc                                   0x08001301   Thumb Code    30  _sgetc.o(.text)
    _sbackspace                              0x0800131f   Thumb Code    34  _sgetc.o(.text)
    _wcrtomb                                 0x08001341   Thumb Code    64  _wcrtomb.o(.text)
    strcspn                                  0x08001381   Thumb Code    32  strcspn.o(.text)
    strspn                                   0x080013a1   Thumb Code    28  strspn.o(.text)
    __user_setup_stackheap                   0x080013bd   Thumb Code    74  sys_stackheap_outer.o(.text)
    __rt_locale                              0x08001409   Thumb Code     8  rt_locale_intlibspace.o(.text)
    _printf_fp_infnan                        0x08001411   Thumb Code   112  _printf_fp_infnan.o(.text)
    _chval                                   0x08001491   Thumb Code    28  _chval.o(.text)
    _scanf_really_real                       0x080016f9   Thumb Code   684  scanf_fp.o(.text)
    _btod_etento                             0x080019a5   Thumb Code   224  bigflt0.o(.text)
    exit                                     0x08001a89   Thumb Code    18  exit.o(.text)
    _scanf_really_hex_real                   0x08001a9d   Thumb Code   786  scanf_hexfp.o(.text)
    _scanf_really_infnan                     0x08001dbd   Thumb Code   292  scanf_infnan.o(.text)
    _sys_exit                                0x08001ef1   Thumb Code     8  sys_exit.o(.text)
    __aeabi_llsl                             0x08001efd   Thumb Code     0  llshl.o(.text)
    _ll_shift_l                              0x08001efd   Thumb Code    38  llshl.o(.text)
    __I$use$semihosting                      0x08001f23   Thumb Code     0  use_no_semi.o(.text)
    __use_no_semihosting_swi                 0x08001f23   Thumb Code     2  use_no_semi.o(.text)
    __semihosting_library_function           0x08001f25   Thumb Code     0  indicate_semi.o(.text)
    _btod_d2e                                0x08001f25   Thumb Code    62  btod.o(CL$$btod_d2e)
    _d2e_denorm_low                          0x08001f63   Thumb Code    70  btod.o(CL$$btod_d2e_denorm_low)
    _d2e_norm_op1                            0x08001fa9   Thumb Code    96  btod.o(CL$$btod_d2e_norm_op1)
    __btod_div_common                        0x08002009   Thumb Code   696  btod.o(CL$$btod_div_common)
    _e2d                                     0x08002341   Thumb Code   122  btod.o(CL$$btod_e2d)
    _e2e                                     0x080023c5   Thumb Code   220  btod.o(CL$$btod_e2e)
    _btod_ediv                               0x080024a1   Thumb Code    42  btod.o(CL$$btod_ediv)
    _btod_edivd                              0x080024cb   Thumb Code    42  btod.o(CL$$btod_edivd)
    _btod_emul                               0x080024f5   Thumb Code    42  btod.o(CL$$btod_emul)
    _btod_emuld                              0x0800251f   Thumb Code    42  btod.o(CL$$btod_emuld)
    __btod_mult_common                       0x08002549   Thumb Code   580  btod.o(CL$$btod_mult_common)
    BLE_Serial_Init                          0x0800278d   Thumb Code    14  ble_serial.o(i.BLE_Serial_Init)
    BLE_Serial_Printf                        0x080027a5   Thumb Code    36  ble_serial.o(i.BLE_Serial_Printf)
    BLE_Serial_SendByte                      0x080027c9   Thumb Code    18  ble_serial.o(i.BLE_Serial_SendByte)
    BLE_Serial_SendString                    0x080027e1   Thumb Code    26  ble_serial.o(i.BLE_Serial_SendString)
    BlueSerial_DebugPID                      0x080027fd   Thumb Code   378  blueserial_debug.o(i.BlueSerial_DebugPID)
    BusFault_Handler                         0x080029e1   Thumb Code     4  stm32f1xx_it.o(i.BusFault_Handler)
    Car_SpeedM1Driver                        0x080029e5   Thumb Code    26  motor_driver.o(i.Car_SpeedM1Driver)
    Car_SpeedM2Driver                        0x08002a09   Thumb Code    26  motor_driver.o(i.Car_SpeedM2Driver)
    Car_UprightM1Driver                      0x08002a2d   Thumb Code    40  motor_driver.o(i.Car_UprightM1Driver)
    Car_UprightM2Driver                      0x08002a59   Thumb Code    40  motor_driver.o(i.Car_UprightM2Driver)
    Complementary_Filter                     0x08002a85   Thumb Code   216  compfilter.o(i.Complementary_Filter)
    DMA1_Channel4_IRQHandler                 0x08002b95   Thumb Code    10  stm32f1xx_it.o(i.DMA1_Channel4_IRQHandler)
    DebugMon_Handler                         0x08002ba5   Thumb Code     2  stm32f1xx_it.o(i.DebugMon_Handler)
    Encoder_GetM1                            0x08002ba9   Thumb Code    18  encoder.o(i.Encoder_GetM1)
    Encoder_GetM2                            0x08002bc1   Thumb Code    18  encoder.o(i.Encoder_GetM2)
    Encoder_Init                             0x08002bd9   Thumb Code    20  encoder.o(i.Encoder_Init)
    Error_Handler                            0x08002bf5   Thumb Code     6  main.o(i.Error_Handler)
    GetPitchAngle                            0x08002bfd   Thumb Code     6  compfilter.o(i.GetPitchAngle)
    HAL_DMA_Abort                            0x08002c09   Thumb Code    86  stm32f1xx_hal_dma.o(i.HAL_DMA_Abort)
    HAL_DMA_Abort_IT                         0x08002c61   Thumb Code   172  stm32f1xx_hal_dma.o(i.HAL_DMA_Abort_IT)
    HAL_DMA_IRQHandler                       0x08002d11   Thumb Code   408  stm32f1xx_hal_dma.o(i.HAL_DMA_IRQHandler)
    HAL_DMA_Init                             0x08002ead   Thumb Code   100  stm32f1xx_hal_dma.o(i.HAL_DMA_Init)
    HAL_GPIO_Init                            0x08002f15   Thumb Code   766  stm32f1xx_hal_gpio.o(i.HAL_GPIO_Init)
    HAL_GPIO_ReadPin                         0x08003235   Thumb Code    16  stm32f1xx_hal_gpio.o(i.HAL_GPIO_ReadPin)
    HAL_GPIO_WritePin                        0x08003245   Thumb Code    12  stm32f1xx_hal_gpio.o(i.HAL_GPIO_WritePin)
    HAL_GetTick                              0x08003251   Thumb Code     6  stm32f1xx_hal.o(i.HAL_GetTick)
    HAL_I2C_Init                             0x0800325d   Thumb Code   446  stm32f1xx_hal_i2c.o(i.HAL_I2C_Init)
    HAL_I2C_MspInit                          0x0800342d   Thumb Code   124  i2c.o(i.HAL_I2C_MspInit)
    HAL_IncTick                              0x080034b9   Thumb Code    16  stm32f1xx_hal.o(i.HAL_IncTick)
    HAL_Init                                 0x080034d1   Thumb Code    34  stm32f1xx_hal.o(i.HAL_Init)
    HAL_InitTick                             0x080034f9   Thumb Code    64  stm32f1xx_hal.o(i.HAL_InitTick)
    HAL_MspInit                              0x08003545   Thumb Code    82  stm32f1xx_hal_msp.o(i.HAL_MspInit)
    HAL_NVIC_EnableIRQ                       0x080035a1   Thumb Code    32  stm32f1xx_hal_cortex.o(i.HAL_NVIC_EnableIRQ)
    HAL_NVIC_SetPriority                     0x080035c1   Thumb Code   124  stm32f1xx_hal_cortex.o(i.HAL_NVIC_SetPriority)
    HAL_NVIC_SetPriorityGrouping             0x0800363d   Thumb Code    32  stm32f1xx_hal_cortex.o(i.HAL_NVIC_SetPriorityGrouping)
    HAL_RCC_ClockConfig                      0x08003665   Thumb Code   376  stm32f1xx_hal_rcc.o(i.HAL_RCC_ClockConfig)
    HAL_RCC_GetHCLKFreq                      0x080037f1   Thumb Code     6  stm32f1xx_hal_rcc.o(i.HAL_RCC_GetHCLKFreq)
    HAL_RCC_GetPCLK1Freq                     0x080037fd   Thumb Code    22  stm32f1xx_hal_rcc.o(i.HAL_RCC_GetPCLK1Freq)
    HAL_RCC_GetPCLK2Freq                     0x0800381d   Thumb Code    22  stm32f1xx_hal_rcc.o(i.HAL_RCC_GetPCLK2Freq)
    HAL_RCC_GetSysClockFreq                  0x0800383d   Thumb Code    92  stm32f1xx_hal_rcc.o(i.HAL_RCC_GetSysClockFreq)
    HAL_RCC_OscConfig                        0x080038ad   Thumb Code  1114  stm32f1xx_hal_rcc.o(i.HAL_RCC_OscConfig)
    HAL_SYSTICK_Config                       0x08003d11   Thumb Code    52  stm32f1xx_hal_cortex.o(i.HAL_SYSTICK_Config)
    HAL_TIMEx_BreakCallback                  0x08003d45   Thumb Code     2  stm32f1xx_hal_tim_ex.o(i.HAL_TIMEx_BreakCallback)
    HAL_TIMEx_CommutCallback                 0x08003d47   Thumb Code     2  stm32f1xx_hal_tim_ex.o(i.HAL_TIMEx_CommutCallback)
    HAL_TIMEx_MasterConfigSynchronization    0x08003d49   Thumb Code   118  stm32f1xx_hal_tim_ex.o(i.HAL_TIMEx_MasterConfigSynchronization)
    HAL_TIM_Base_Init                        0x08003dcd   Thumb Code   102  stm32f1xx_hal_tim.o(i.HAL_TIM_Base_Init)
    HAL_TIM_Base_MspInit                     0x08003e35   Thumb Code    96  tim.o(i.HAL_TIM_Base_MspInit)
    HAL_TIM_Base_Start                       0x08003e9d   Thumb Code    94  stm32f1xx_hal_tim.o(i.HAL_TIM_Base_Start)
    HAL_TIM_Base_Start_IT                    0x08003f09   Thumb Code   106  stm32f1xx_hal_tim.o(i.HAL_TIM_Base_Start_IT)
    HAL_TIM_ConfigClockSource                0x08003f81   Thumb Code   268  stm32f1xx_hal_tim.o(i.HAL_TIM_ConfigClockSource)
    HAL_TIM_Encoder_Init                     0x0800408d   Thumb Code   196  stm32f1xx_hal_tim.o(i.HAL_TIM_Encoder_Init)
    HAL_TIM_Encoder_MspInit                  0x08004151   Thumb Code   186  tim.o(i.HAL_TIM_Encoder_MspInit)
    HAL_TIM_Encoder_Start                    0x08004221   Thumb Code   204  stm32f1xx_hal_tim.o(i.HAL_TIM_Encoder_Start)
    HAL_TIM_IC_CaptureCallback               0x080042ed   Thumb Code     2  stm32f1xx_hal_tim.o(i.HAL_TIM_IC_CaptureCallback)
    HAL_TIM_IRQHandler                       0x080042ef   Thumb Code   364  stm32f1xx_hal_tim.o(i.HAL_TIM_IRQHandler)
    HAL_TIM_MspPostInit                      0x0800445d   Thumb Code    74  tim.o(i.HAL_TIM_MspPostInit)
    HAL_TIM_OC_DelayElapsedCallback          0x080044b1   Thumb Code     2  stm32f1xx_hal_tim.o(i.HAL_TIM_OC_DelayElapsedCallback)
    HAL_TIM_PWM_ConfigChannel                0x080044b3   Thumb Code   260  stm32f1xx_hal_tim.o(i.HAL_TIM_PWM_ConfigChannel)
    HAL_TIM_PWM_Init                         0x080045b7   Thumb Code   102  stm32f1xx_hal_tim.o(i.HAL_TIM_PWM_Init)
    HAL_TIM_PWM_MspInit                      0x0800461d   Thumb Code     2  stm32f1xx_hal_tim.o(i.HAL_TIM_PWM_MspInit)
    HAL_TIM_PWM_PulseFinishedCallback        0x0800461f   Thumb Code     2  stm32f1xx_hal_tim.o(i.HAL_TIM_PWM_PulseFinishedCallback)
    HAL_TIM_PWM_Start                        0x08004621   Thumb Code   198  stm32f1xx_hal_tim.o(i.HAL_TIM_PWM_Start)
    HAL_TIM_PeriodElapsedCallback            0x080046f5   Thumb Code   208  main.o(i.HAL_TIM_PeriodElapsedCallback)
    HAL_TIM_TriggerCallback                  0x08004805   Thumb Code     2  stm32f1xx_hal_tim.o(i.HAL_TIM_TriggerCallback)
    HAL_UARTEx_RxEventCallback               0x08004807   Thumb Code     2  stm32f1xx_hal_uart.o(i.HAL_UARTEx_RxEventCallback)
    HAL_UART_ErrorCallback                   0x08004809   Thumb Code     2  stm32f1xx_hal_uart.o(i.HAL_UART_ErrorCallback)
    HAL_UART_IRQHandler                      0x0800480d   Thumb Code   736  stm32f1xx_hal_uart.o(i.HAL_UART_IRQHandler)
    HAL_UART_Init                            0x08004af1   Thumb Code   118  stm32f1xx_hal_uart.o(i.HAL_UART_Init)
    HAL_UART_MspInit                         0x08004b69   Thumb Code   314  usart.o(i.HAL_UART_MspInit)
    HAL_UART_Receive_IT                      0x08004cbd   Thumb Code    44  stm32f1xx_hal_uart.o(i.HAL_UART_Receive_IT)
    HAL_UART_RxCpltCallback                  0x08004ce9   Thumb Code   130  ble_serial.o(i.HAL_UART_RxCpltCallback)
    HAL_UART_Transmit                        0x08004d89   Thumb Code   190  stm32f1xx_hal_uart.o(i.HAL_UART_Transmit)
    HAL_UART_TxCpltCallback                  0x08004e47   Thumb Code     2  stm32f1xx_hal_uart.o(i.HAL_UART_TxCpltCallback)
    HardFault_Handler                        0x08004e49   Thumb Code     4  stm32f1xx_it.o(i.HardFault_Handler)
    Key_Check                                0x08004e4d   Thumb Code    32  key.o(i.Key_Check)
    Key_GetState                             0x08004e71   Thumb Code    78  key.o(i.Key_GetState)
    Key_Tick                                 0x08004ec9   Thumb Code   660  key.o(i.Key_Tick)
    MPU6050_GetData                          0x08005179   Thumb Code   130  mpu6050.o(i.MPU6050_GetData)
    MPU6050_Init                             0x080051fb   Thumb Code    56  mpu6050.o(i.MPU6050_Init)
    MPU6050_ReadRegs                         0x08005233   Thumb Code    94  mpu6050.o(i.MPU6050_ReadRegs)
    MPU6050_WriteReg                         0x08005291   Thumb Code    46  mpu6050.o(i.MPU6050_WriteReg)
    MX_DMA_Init                              0x080052c1   Thumb Code    48  dma.o(i.MX_DMA_Init)
    MX_GPIO_Init                             0x080052f5   Thumb Code   348  gpio.o(i.MX_GPIO_Init)
    MX_I2C1_Init                             0x08005461   Thumb Code    48  i2c.o(i.MX_I2C1_Init)
    MX_TIM1_Init                             0x0800549d   Thumb Code   104  tim.o(i.MX_TIM1_Init)
    MX_TIM2_Init                             0x0800550d   Thumb Code   174  tim.o(i.MX_TIM2_Init)
    MX_TIM3_Init                             0x080055c1   Thumb Code   120  tim.o(i.MX_TIM3_Init)
    MX_TIM4_Init                             0x08005641   Thumb Code   120  tim.o(i.MX_TIM4_Init)
    MX_USART1_UART_Init                      0x080056c1   Thumb Code    46  usart.o(i.MX_USART1_UART_Init)
    MX_USART2_UART_Init                      0x080056f9   Thumb Code    46  usart.o(i.MX_USART2_UART_Init)
    MemManage_Handler                        0x08005731   Thumb Code     4  stm32f1xx_it.o(i.MemManage_Handler)
    MotorM1_Set                              0x08005735   Thumb Code    74  motor.o(i.MotorM1_Set)
    MotorM2_Set                              0x08005789   Thumb Code    74  motor.o(i.MotorM2_Set)
    Motor_PWMStart                           0x080057dd   Thumb Code    20  motor.o(i.Motor_PWMStart)
    Motor_Protection                         0x080057f5   Thumb Code   130  motor_protection.o(i.Motor_Protection)
    MyI2C_Init                               0x08005889   Thumb Code    24  myi2c.o(i.MyI2C_Init)
    MyI2C_R_SDA                              0x080058a5   Thumb Code    26  myi2c.o(i.MyI2C_R_SDA)
    MyI2C_ReceiveAck                         0x080058c5   Thumb Code    30  myi2c.o(i.MyI2C_ReceiveAck)
    MyI2C_ReceiveByte                        0x080058e3   Thumb Code    50  myi2c.o(i.MyI2C_ReceiveByte)
    MyI2C_SendAck                            0x08005915   Thumb Code    24  myi2c.o(i.MyI2C_SendAck)
    MyI2C_SendByte                           0x0800592d   Thumb Code    50  myi2c.o(i.MyI2C_SendByte)
    MyI2C_Start                              0x0800595f   Thumb Code    28  myi2c.o(i.MyI2C_Start)
    MyI2C_Stop                               0x0800597b   Thumb Code    22  myi2c.o(i.MyI2C_Stop)
    MyI2C_W_SCL                              0x08005991   Thumb Code    26  myi2c.o(i.MyI2C_W_SCL)
    MyI2C_W_SDA                              0x080059b1   Thumb Code    26  myi2c.o(i.MyI2C_W_SDA)
    NMI_Handler                              0x080059d1   Thumb Code     4  stm32f1xx_it.o(i.NMI_Handler)
    OLED_Clear                               0x080059d5   Thumb Code    36  oled.o(i.OLED_Clear)
    OLED_ClearArea                           0x080059fd   Thumb Code   140  oled.o(i.OLED_ClearArea)
    OLED_GPIO_ForceInit                      0x08005a8d   Thumb Code   104  oled.o(i.OLED_GPIO_ForceInit)
    OLED_GPIO_Init                           0x08005afd   Thumb Code    40  oled.o(i.OLED_GPIO_Init)
    OLED_I2C_SendByte                        0x08005b25   Thumb Code    62  oled.o(i.OLED_I2C_SendByte)
    OLED_I2C_Start                           0x08005b63   Thumb Code    28  oled.o(i.OLED_I2C_Start)
    OLED_I2C_Stop                            0x08005b7f   Thumb Code    22  oled.o(i.OLED_I2C_Stop)
    OLED_Init                                0x08005b95   Thumb Code   154  oled.o(i.OLED_Init)
    OLED_Printf                              0x08005c2f   Thumb Code    50  oled.o(i.OLED_Printf)
    OLED_SetCursor                           0x08005c61   Thumb Code    34  oled.o(i.OLED_SetCursor)
    OLED_ShowChar                            0x08005c85   Thumb Code    74  oled.o(i.OLED_ShowChar)
    OLED_ShowImage                           0x08005cd9   Thumb Code   248  oled.o(i.OLED_ShowImage)
    OLED_ShowPIDOut                          0x08005dd5   Thumb Code    92  showinoled.o(i.OLED_ShowPIDOut)
    OLED_ShowString                          0x08005e65   Thumb Code   442  oled.o(i.OLED_ShowString)
    OLED_Update                              0x08006029   Thumb Code    36  oled.o(i.OLED_Update)
    OLED_W_SCL                               0x08006051   Thumb Code    26  oled.o(i.OLED_W_SCL)
    OLED_W_SDA                               0x08006071   Thumb Code    26  oled.o(i.OLED_W_SDA)
    OLED_WriteCommand                        0x08006091   Thumb Code    32  oled.o(i.OLED_WriteCommand)
    OLED_WriteData                           0x080060b1   Thumb Code    46  oled.o(i.OLED_WriteData)
    PID_Init                                 0x080060df   Thumb Code    22  pid.o(i.PID_Init)
    PID_Update                               0x080060f5   Thumb Code   208  pid.o(i.PID_Update)
    PendSV_Handler                           0x080061c5   Thumb Code     2  stm32f1xx_it.o(i.PendSV_Handler)
    SVC_Handler                              0x080061f1   Thumb Code     2  stm32f1xx_it.o(i.SVC_Handler)
    StopMotor                                0x080061f3   Thumb Code    16  motor.o(i.StopMotor)
    SysTick_Handler                          0x08006203   Thumb Code     8  stm32f1xx_it.o(i.SysTick_Handler)
    SystemClock_Config                       0x0800620b   Thumb Code   102  main.o(i.SystemClock_Config)
    SystemInit                               0x08006271   Thumb Code     2  system_stm32f1xx.o(i.SystemInit)
    TIM1_UP_IRQHandler                       0x08006275   Thumb Code    10  stm32f1xx_it.o(i.TIM1_UP_IRQHandler)
    TIM_Base_SetConfig                       0x08006285   Thumb Code   120  stm32f1xx_hal_tim.o(i.TIM_Base_SetConfig)
    TIM_CCxChannelCmd                        0x08006309   Thumb Code    34  stm32f1xx_hal_tim.o(i.TIM_CCxChannelCmd)
    TIM_ETR_SetConfig                        0x0800632b   Thumb Code    22  stm32f1xx_hal_tim.o(i.TIM_ETR_SetConfig)
    TIM_OC2_SetConfig                        0x080063b5   Thumb Code   100  stm32f1xx_hal_tim.o(i.TIM_OC2_SetConfig)
    UART_Start_Receive_IT                    0x080067b5   Thumb Code    64  stm32f1xx_hal_uart.o(i.UART_Start_Receive_IT)
    USART1_IRQHandler                        0x080068e1   Thumb Code    10  stm32f1xx_it.o(i.USART1_IRQHandler)
    USART2_IRQHandler                        0x080068f1   Thumb Code    10  stm32f1xx_it.o(i.USART2_IRQHandler)
    UsageFault_Handler                       0x08006901   Thumb Code     4  stm32f1xx_it.o(i.UsageFault_Handler)
    __ARM_fpclassify                         0x08006905   Thumb Code    40  fpclassify.o(i.__ARM_fpclassify)
    __kernel_poly                            0x08006965   Thumb Code   170  poly.o(i.__kernel_poly)
    __mathlib_dbl_infnan                     0x08006a0f   Thumb Code     6  dunder.o(i.__mathlib_dbl_infnan)
    __mathlib_dbl_infnan2                    0x08006a15   Thumb Code     4  dunder.o(i.__mathlib_dbl_infnan2)
    __mathlib_dbl_overflow                   0x08006a19   Thumb Code    14  dunder.o(i.__mathlib_dbl_overflow)
    __mathlib_dbl_underflow                  0x08006a29   Thumb Code    10  dunder.o(i.__mathlib_dbl_underflow)
    __mathlib_narrow                         0x08006a39   Thumb Code    16  narrow.o(i.__mathlib_narrow)
    __mathlib_tofloat                        0x08006a49   Thumb Code   184  narrow.o(i.__mathlib_tofloat)
    __support_ldexp                          0x08006b05   Thumb Code    22  ldexp.o(i.__support_ldexp)
    _is_digit                                0x08006b1b   Thumb Code    14  __printf_wp.o(i._is_digit)
    atan                                     0x08006b29   Thumb Code   474  atan.o(i.atan)
    atan2                                    0x08006d49   Thumb Code   346  atan2.o(i.atan2)
    atof                                     0x08006ec9   Thumb Code    42  atof.o(i.atof)
    frexp                                    0x08006ef5   Thumb Code    80  frexp.o(i.frexp)
    ldexp                                    0x08006f4d   Thumb Code   116  ldexp.o(i.ldexp)
    main                                     0x08006fc1   Thumb Code   170  main.o(i.main)
    _get_lc_numeric                          0x08007095   Thumb Code    44  lc_numeric_c.o(locale$$code)
    _get_lc_ctype                            0x080070c1   Thumb Code    44  lc_ctype_c.o(locale$$code)
    __aeabi_d2f                              0x080070ed   Thumb Code     0  d2f.o(x$fpl$d2f)
    _d2f                                     0x080070ed   Thumb Code    98  d2f.o(x$fpl$d2f)
    __aeabi_dadd                             0x08007151   Thumb Code     0  daddsub_clz.o(x$fpl$dadd)
    _dadd                                    0x08007151   Thumb Code   332  daddsub_clz.o(x$fpl$dadd)
    __fpl_dcheck_NaN1                        0x080072a1   Thumb Code    10  dcheck1.o(x$fpl$dcheck1)
    __fpl_dcmp_Inf                           0x080072b1   Thumb Code    24  dcmpi.o(x$fpl$dcmpinf)
    __aeabi_ddiv                             0x080072c9   Thumb Code     0  ddiv.o(x$fpl$ddiv)
    _ddiv                                    0x080072c9   Thumb Code   552  ddiv.o(x$fpl$ddiv)
    __aeabi_cdcmpeq                          0x08007579   Thumb Code     0  deqf.o(x$fpl$deqf)
    _dcmpeq                                  0x08007579   Thumb Code   120  deqf.o(x$fpl$deqf)
    __aeabi_i2d                              0x080075f1   Thumb Code     0  dflt_clz.o(x$fpl$dflt)
    _dflt                                    0x080075f1   Thumb Code    46  dflt_clz.o(x$fpl$dflt)
    __aeabi_cdcmple                          0x08007621   Thumb Code     0  dleqf.o(x$fpl$dleqf)
    _dcmple                                  0x08007621   Thumb Code   120  dleqf.o(x$fpl$dleqf)
    __fpl_dcmple_InfNaN                      0x08007683   Thumb Code     0  dleqf.o(x$fpl$dleqf)
    __aeabi_dmul                             0x08007699   Thumb Code     0  dmul.o(x$fpl$dmul)
    _dmul                                    0x08007699   Thumb Code   332  dmul.o(x$fpl$dmul)
    __fpl_dnaninf                            0x080077ed   Thumb Code   156  dnaninf.o(x$fpl$dnaninf)
    __fpl_dretinf                            0x08007889   Thumb Code    12  dretinf.o(x$fpl$dretinf)
    __aeabi_cdrcmple                         0x08007895   Thumb Code     0  drleqf.o(x$fpl$drleqf)
    _drcmple                                 0x08007895   Thumb Code   108  drleqf.o(x$fpl$drleqf)
    __aeabi_drsub                            0x08007901   Thumb Code     0  daddsub_clz.o(x$fpl$drsb)
    _drsb                                    0x08007901   Thumb Code    22  daddsub_clz.o(x$fpl$drsb)
    __aeabi_dsub                             0x08007919   Thumb Code     0  daddsub_clz.o(x$fpl$dsub)
    _dsub                                    0x08007919   Thumb Code   464  daddsub_clz.o(x$fpl$dsub)
    __aeabi_f2d                              0x08007aed   Thumb Code     0  f2d.o(x$fpl$f2d)
    _f2d                                     0x08007aed   Thumb Code    86  f2d.o(x$fpl$f2d)
    __aeabi_fadd                             0x08007b45   Thumb Code     0  faddsub_clz.o(x$fpl$fadd)
    _fadd                                    0x08007b45   Thumb Code   196  faddsub_clz.o(x$fpl$fadd)
    __fpl_fcmp_Inf                           0x08007c09   Thumb Code    24  fcmpi.o(x$fpl$fcmpinf)
    __aeabi_cfcmpeq                          0x08007c21   Thumb Code     0  feqf.o(x$fpl$feqf)
    _fcmpeq                                  0x08007c21   Thumb Code   104  feqf.o(x$fpl$feqf)
    __aeabi_f2iz                             0x08007c89   Thumb Code     0  ffix.o(x$fpl$ffix)
    _ffix                                    0x08007c89   Thumb Code    54  ffix.o(x$fpl$ffix)
    __aeabi_cfcmple                          0x08007cc1   Thumb Code     0  fleqf.o(x$fpl$fleqf)
    _fcmple                                  0x08007cc1   Thumb Code   104  fleqf.o(x$fpl$fleqf)
    __fpl_fcmple_InfNaN                      0x08007d13   Thumb Code     0  fleqf.o(x$fpl$fleqf)
    __aeabi_fmul                             0x08007d29   Thumb Code     0  fmul.o(x$fpl$fmul)
    _fmul                                    0x08007d29   Thumb Code   258  fmul.o(x$fpl$fmul)
    __fpl_fnaninf                            0x08007e2b   Thumb Code   140  fnaninf.o(x$fpl$fnaninf)
    __fpl_fretinf                            0x08007eb7   Thumb Code    10  fretinf.o(x$fpl$fretinf)
    __aeabi_cfrcmple                         0x08007ec1   Thumb Code     0  frleqf.o(x$fpl$frleqf)
    _frcmple                                 0x08007ec1   Thumb Code    98  frleqf.o(x$fpl$frleqf)
    __aeabi_fsub                             0x08007f25   Thumb Code     0  faddsub_clz.o(x$fpl$fsub)
    _fsub                                    0x08007f25   Thumb Code   234  faddsub_clz.o(x$fpl$fsub)
    __ieee_status                            0x0800800f   Thumb Code     6  istatus.o(x$fpl$ieeestatus)
    _printf_fp_dec                           0x08008015   Thumb Code     4  printf1.o(x$fpl$printf1)
    _printf_fp_hex                           0x08008019   Thumb Code     4  printf2.o(x$fpl$printf2)
    __fpl_return_NaN                         0x0800801d   Thumb Code   100  retnan.o(x$fpl$retnan)
    __ARM_scalbn                             0x08008081   Thumb Code    92  scalbn.o(x$fpl$scalbn)
    _scanf_real                              0x080080dd   Thumb Code     4  scanf1.o(x$fpl$scanf1)
    _scanf_hex_real                          0x080080e1   Thumb Code     4  scanf2.o(x$fpl$scanf2)
    _scanf_infnan                            0x080080e5   Thumb Code     4  scanf2.o(x$fpl$scanf2)
    __fpl_cmpreturn                          0x080080e9   Thumb Code    48  trapv.o(x$fpl$trapveneer)
    __I$use$fp                               0x08008118   Number         0  usenofp.o(x$fpl$usenofp)
    AHBPrescTable                            0x0800812a   Data          16  system_stm32f1xx.o(.constdata)
    APBPrescTable                            0x0800813a   Data           8  system_stm32f1xx.o(.constdata)
    OLED_F8x16                               0x08008142   Data        1520  oled_data.o(.constdata)
    OLED_F6x8                                0x08008732   Data         570  oled_data.o(.constdata)
    OLED_CF16x16                             0x0800896c   Data         555  oled_data.o(.constdata)
    Diode                                    0x08008b97   Data          32  oled_data.o(.constdata)
    Guo                                      0x08008bb7   Data         400  oled_data.o(.constdata)
    monkey                                   0x08008d47   Data         616  oled_data.o(.constdata)
    __mathlib_zero                           0x08009090   Data           8  qnan.o(.constdata)
    Region$$Table$$Base                      0x08009154   Number         0  anon$$obj.o(Region$$Table)
    Region$$Table$$Limit                     0x08009174   Number         0  anon$$obj.o(Region$$Table)
    __aeabi_HUGE_VAL                         0x08009174   Data           0  fpconst.o(c$$dinf)
    __aeabi_HUGE_VALL                        0x08009174   Data           0  fpconst.o(c$$dinf)
    __aeabi_INFINITY                         0x08009174   Data           0  fpconst.o(c$$dinf)
    __dInf                                   0x08009174   Data           0  fpconst.o(c$$dinf)
    __huge_val                               0x08009174   Data           0  fpconst.o(c$$dinf)
    __dbl_max                                0x0800917c   Data           0  fpconst.o(c$$dmax)
    __ctype                                  0x080091ad   Data           0  lc_ctype_c.o(locale$$data)
    AX                                       0x20000000   Data           2  main.o(.data)
    AY                                       0x20000002   Data           2  main.o(.data)
    AZ                                       0x20000004   Data           2  main.o(.data)
    GX                                       0x20000006   Data           2  main.o(.data)
    GY                                       0x20000008   Data           2  main.o(.data)
    GZ                                       0x2000000a   Data           2  main.o(.data)
    Num1                                     0x2000000c   Data           2  main.o(.data)
    Num2                                     0x2000000e   Data           2  main.o(.data)
    speed                                    0x20000010   Data           2  main.o(.data)
    Act_speedM1                              0x20000014   Data           4  main.o(.data)
    Act_speedM2                              0x20000018   Data           4  main.o(.data)
    count                                    0x2000001c   Data           2  main.o(.data)
    M1Encoder_Count                          0x2000001e   Data           2  main.o(.data)
    M2Encoder_Count                          0x20000020   Data           2  main.o(.data)
    uwTick                                   0x20000024   Data           4  stm32f1xx_hal.o(.data)
    uwTickPrio                               0x20000028   Data           4  stm32f1xx_hal.o(.data)
    uwTickFreq                               0x2000002c   Data           1  stm32f1xx_hal.o(.data)
    SystemCoreClock                          0x20000030   Data           4  system_stm32f1xx.o(.data)
    Serial_RxFlag                            0x20000034   Data           1  ble_serial.o(.data)
    Key_Flag                                 0x20000038   Data           4  key.o(.data)
    AngleAcc                                 0x20000054   Data           4  compfilter.o(.data)
    AngleGyro                                0x20000058   Data           4  compfilter.o(.data)
    Angle                                    0x2000005c   Data           4  compfilter.o(.data)
    Alpha                                    0x20000060   Data           4  compfilter.o(.data)
    Car_SpeedM1PID                           0x20000064   Data          60  motor_driver.o(.data)
    Car_SpeedM2PID                           0x200000a0   Data          60  motor_driver.o(.data)
    Car_UprightM1PID                         0x200000dc   Data          60  motor_driver.o(.data)
    Car_UprightM2PID                         0x20000118   Data          60  motor_driver.o(.data)
    angle                                    0x20000154   Data           4  showinoled.o(.data)
    hi2c1                                    0x2000015c   Data          84  i2c.o(.bss)
    htim1                                    0x200001b0   Data          72  tim.o(.bss)
    htim2                                    0x200001f8   Data          72  tim.o(.bss)
    htim3                                    0x20000240   Data          72  tim.o(.bss)
    htim4                                    0x20000288   Data          72  tim.o(.bss)
    huart1                                   0x200002d0   Data          72  usart.o(.bss)
    huart2                                   0x20000318   Data          72  usart.o(.bss)
    hdma_usart1_tx                           0x20000360   Data          68  usart.o(.bss)
    Serial_RxPacket                          0x200003a4   Data         100  ble_serial.o(.bss)
    OLED_DisplayBuf                          0x20000408   Data        1024  oled.o(.bss)
    __libspace_start                         0x20000808   Data          96  libspace.o(.bss)
    __temporary_stack_top$libspace           0x20000868   Data           0  libspace.o(.bss)



==============================================================================

Memory Map of the image

  Image Entry point : 0x080000ed

  Load Region LR_IROM1 (Base: 0x08000000, Size: 0x0000940c, Max: 0x00010000, ABSOLUTE, COMPRESSED[0x000092d8])

    Execution Region ER_IROM1 (Exec base: 0x08000000, Load base: 0x08000000, Size: 0x000092b0, Max: 0x00010000, ABSOLUTE)

    Exec Addr    Load Addr    Size         Type   Attr      Idx    E Section Name        Object

    0x08000000   0x08000000   0x000000ec   Data   RO            3    RESET               startup_stm32f103xb.o
    0x080000ec   0x080000ec   0x00000008   Code   RO         4767  * !!!main             c_w.l(__main.o)
    0x080000f4   0x080000f4   0x00000034   Code   RO         5282    !!!scatter          c_w.l(__scatter.o)
    0x08000128   0x08000128   0x0000005a   Code   RO         5280    !!dczerorl2         c_w.l(__dczerorl2.o)
    0x08000182   0x08000182   0x00000002   PAD
    0x08000184   0x08000184   0x0000001c   Code   RO         5284    !!handler_zi        c_w.l(__scatter_zi.o)
    0x080001a0   0x080001a0   0x00000000   Code   RO         4934    .ARM.Collect$$_printf_percent$$00000000  c_w.l(_printf_percent.o)
    0x080001a0   0x080001a0   0x00000006   Code   RO         4923    .ARM.Collect$$_printf_percent$$00000001  c_w.l(_printf_n.o)
    0x080001a6   0x080001a6   0x00000006   Code   RO         4925    .ARM.Collect$$_printf_percent$$00000002  c_w.l(_printf_p.o)
    0x080001ac   0x080001ac   0x00000006   Code   RO         4930    .ARM.Collect$$_printf_percent$$00000003  c_w.l(_printf_f.o)
    0x080001b2   0x080001b2   0x00000006   Code   RO         4931    .ARM.Collect$$_printf_percent$$00000004  c_w.l(_printf_e.o)
    0x080001b8   0x080001b8   0x00000006   Code   RO         4932    .ARM.Collect$$_printf_percent$$00000005  c_w.l(_printf_g.o)
    0x080001be   0x080001be   0x00000006   Code   RO         4933    .ARM.Collect$$_printf_percent$$00000006  c_w.l(_printf_a.o)
    0x080001c4   0x080001c4   0x0000000a   Code   RO         4938    .ARM.Collect$$_printf_percent$$00000007  c_w.l(_printf_ll.o)
    0x080001ce   0x080001ce   0x00000006   Code   RO         4927    .ARM.Collect$$_printf_percent$$00000008  c_w.l(_printf_i.o)
    0x080001d4   0x080001d4   0x00000006   Code   RO         4928    .ARM.Collect$$_printf_percent$$00000009  c_w.l(_printf_d.o)
    0x080001da   0x080001da   0x00000006   Code   RO         4929    .ARM.Collect$$_printf_percent$$0000000A  c_w.l(_printf_u.o)
    0x080001e0   0x080001e0   0x00000006   Code   RO         4926    .ARM.Collect$$_printf_percent$$0000000B  c_w.l(_printf_o.o)
    0x080001e6   0x080001e6   0x00000006   Code   RO         4924    .ARM.Collect$$_printf_percent$$0000000C  c_w.l(_printf_x.o)
    0x080001ec   0x080001ec   0x00000006   Code   RO         4935    .ARM.Collect$$_printf_percent$$0000000D  c_w.l(_printf_lli.o)
    0x080001f2   0x080001f2   0x00000006   Code   RO         4936    .ARM.Collect$$_printf_percent$$0000000E  c_w.l(_printf_lld.o)
    0x080001f8   0x080001f8   0x00000006   Code   RO         4937    .ARM.Collect$$_printf_percent$$0000000F  c_w.l(_printf_llu.o)
    0x080001fe   0x080001fe   0x00000006   Code   RO         4942    .ARM.Collect$$_printf_percent$$00000010  c_w.l(_printf_llo.o)
    0x08000204   0x08000204   0x00000006   Code   RO         4943    .ARM.Collect$$_printf_percent$$00000011  c_w.l(_printf_llx.o)
    0x0800020a   0x0800020a   0x0000000a   Code   RO         4939    .ARM.Collect$$_printf_percent$$00000012  c_w.l(_printf_l.o)
    0x08000214   0x08000214   0x00000006   Code   RO         4921    .ARM.Collect$$_printf_percent$$00000013  c_w.l(_printf_c.o)
    0x0800021a   0x0800021a   0x00000006   Code   RO         4922    .ARM.Collect$$_printf_percent$$00000014  c_w.l(_printf_s.o)
    0x08000220   0x08000220   0x00000006   Code   RO         4940    .ARM.Collect$$_printf_percent$$00000015  c_w.l(_printf_lc.o)
    0x08000226   0x08000226   0x00000006   Code   RO         4941    .ARM.Collect$$_printf_percent$$00000016  c_w.l(_printf_ls.o)
    0x0800022c   0x0800022c   0x00000004   Code   RO         5035    .ARM.Collect$$_printf_percent$$00000017  c_w.l(_printf_percent_end.o)
    0x08000230   0x08000230   0x00000002   Code   RO         5105    .ARM.Collect$$libinit$$00000000  c_w.l(libinit.o)
    0x08000232   0x08000232   0x00000000   Code   RO         5107    .ARM.Collect$$libinit$$00000002  c_w.l(libinit2.o)
    0x08000232   0x08000232   0x00000000   Code   RO         5109    .ARM.Collect$$libinit$$00000004  c_w.l(libinit2.o)
    0x08000232   0x08000232   0x00000000   Code   RO         5112    .ARM.Collect$$libinit$$0000000A  c_w.l(libinit2.o)
    0x08000232   0x08000232   0x00000000   Code   RO         5114    .ARM.Collect$$libinit$$0000000C  c_w.l(libinit2.o)
    0x08000232   0x08000232   0x00000000   Code   RO         5116    .ARM.Collect$$libinit$$0000000E  c_w.l(libinit2.o)
    0x08000232   0x08000232   0x00000006   Code   RO         5117    .ARM.Collect$$libinit$$0000000F  c_w.l(libinit2.o)
    0x08000238   0x08000238   0x00000000   Code   RO         5119    .ARM.Collect$$libinit$$00000011  c_w.l(libinit2.o)
    0x08000238   0x08000238   0x0000000c   Code   RO         5120    .ARM.Collect$$libinit$$00000012  c_w.l(libinit2.o)
    0x08000244   0x08000244   0x00000000   Code   RO         5121    .ARM.Collect$$libinit$$00000013  c_w.l(libinit2.o)
    0x08000244   0x08000244   0x00000000   Code   RO         5123    .ARM.Collect$$libinit$$00000015  c_w.l(libinit2.o)
    0x08000244   0x08000244   0x0000000a   Code   RO         5124    .ARM.Collect$$libinit$$00000016  c_w.l(libinit2.o)
    0x0800024e   0x0800024e   0x00000000   Code   RO         5125    .ARM.Collect$$libinit$$00000017  c_w.l(libinit2.o)
    0x0800024e   0x0800024e   0x00000000   Code   RO         5127    .ARM.Collect$$libinit$$00000019  c_w.l(libinit2.o)
    0x0800024e   0x0800024e   0x00000000   Code   RO         5129    .ARM.Collect$$libinit$$0000001B  c_w.l(libinit2.o)
    0x0800024e   0x0800024e   0x00000000   Code   RO         5131    .ARM.Collect$$libinit$$0000001D  c_w.l(libinit2.o)
    0x0800024e   0x0800024e   0x00000000   Code   RO         5133    .ARM.Collect$$libinit$$0000001F  c_w.l(libinit2.o)
    0x0800024e   0x0800024e   0x00000000   Code   RO         5135    .ARM.Collect$$libinit$$00000021  c_w.l(libinit2.o)
    0x0800024e   0x0800024e   0x00000000   Code   RO         5137    .ARM.Collect$$libinit$$00000023  c_w.l(libinit2.o)
    0x0800024e   0x0800024e   0x00000000   Code   RO         5139    .ARM.Collect$$libinit$$00000025  c_w.l(libinit2.o)
    0x0800024e   0x0800024e   0x00000000   Code   RO         5143    .ARM.Collect$$libinit$$0000002C  c_w.l(libinit2.o)
    0x0800024e   0x0800024e   0x00000000   Code   RO         5145    .ARM.Collect$$libinit$$0000002E  c_w.l(libinit2.o)
    0x0800024e   0x0800024e   0x00000000   Code   RO         5147    .ARM.Collect$$libinit$$00000030  c_w.l(libinit2.o)
    0x0800024e   0x0800024e   0x00000000   Code   RO         5149    .ARM.Collect$$libinit$$00000032  c_w.l(libinit2.o)
    0x0800024e   0x0800024e   0x00000002   Code   RO         5150    .ARM.Collect$$libinit$$00000033  c_w.l(libinit2.o)
    0x08000250   0x08000250   0x00000002   Code   RO         5216    .ARM.Collect$$libshutdown$$00000000  c_w.l(libshutdown.o)
    0x08000252   0x08000252   0x00000000   Code   RO         5239    .ARM.Collect$$libshutdown$$00000002  c_w.l(libshutdown2.o)
    0x08000252   0x08000252   0x00000000   Code   RO         5241    .ARM.Collect$$libshutdown$$00000004  c_w.l(libshutdown2.o)
    0x08000252   0x08000252   0x00000000   Code   RO         5244    .ARM.Collect$$libshutdown$$00000007  c_w.l(libshutdown2.o)
    0x08000252   0x08000252   0x00000000   Code   RO         5247    .ARM.Collect$$libshutdown$$0000000A  c_w.l(libshutdown2.o)
    0x08000252   0x08000252   0x00000000   Code   RO         5249    .ARM.Collect$$libshutdown$$0000000C  c_w.l(libshutdown2.o)
    0x08000252   0x08000252   0x00000000   Code   RO         5252    .ARM.Collect$$libshutdown$$0000000F  c_w.l(libshutdown2.o)
    0x08000252   0x08000252   0x00000002   Code   RO         5253    .ARM.Collect$$libshutdown$$00000010  c_w.l(libshutdown2.o)
    0x08000254   0x08000254   0x00000000   Code   RO         4845    .ARM.Collect$$rtentry$$00000000  c_w.l(__rtentry.o)
    0x08000254   0x08000254   0x00000000   Code   RO         5002    .ARM.Collect$$rtentry$$00000002  c_w.l(__rtentry2.o)
    0x08000254   0x08000254   0x00000006   Code   RO         5014    .ARM.Collect$$rtentry$$00000004  c_w.l(__rtentry4.o)
    0x0800025a   0x0800025a   0x00000000   Code   RO         5004    .ARM.Collect$$rtentry$$00000009  c_w.l(__rtentry2.o)
    0x0800025a   0x0800025a   0x00000004   Code   RO         5005    .ARM.Collect$$rtentry$$0000000A  c_w.l(__rtentry2.o)
    0x0800025e   0x0800025e   0x00000000   Code   RO         5007    .ARM.Collect$$rtentry$$0000000C  c_w.l(__rtentry2.o)
    0x0800025e   0x0800025e   0x00000008   Code   RO         5008    .ARM.Collect$$rtentry$$0000000D  c_w.l(__rtentry2.o)
    0x08000266   0x08000266   0x00000002   Code   RO         5155    .ARM.Collect$$rtexit$$00000000  c_w.l(rtexit.o)
    0x08000268   0x08000268   0x00000000   Code   RO         5180    .ARM.Collect$$rtexit$$00000002  c_w.l(rtexit2.o)
    0x08000268   0x08000268   0x00000004   Code   RO         5181    .ARM.Collect$$rtexit$$00000003  c_w.l(rtexit2.o)
    0x0800026c   0x0800026c   0x00000006   Code   RO         5182    .ARM.Collect$$rtexit$$00000004  c_w.l(rtexit2.o)
    0x08000272   0x08000272   0x00000002   PAD
    0x08000274   0x08000274   0x00000040   Code   RO            4    .text               startup_stm32f103xb.o
    0x080002b4   0x080002b4   0x00000024   Code   RO         4754    .text               c_w.l(vsprintf.o)
    0x080002d8   0x080002d8   0x0000000c   Code   RO         4758    .text               c_w.l(strtok.o)
    0x080002e4   0x080002e4   0x0000004e   Code   RO         4761    .text               c_w.l(rt_memclr_w.o)
    0x08000332   0x08000332   0x00000002   PAD
    0x08000334   0x08000334   0x00000080   Code   RO         4763    .text               c_w.l(strcmpv7m.o)
    0x080003b4   0x080003b4   0x00000006   Code   RO         4765    .text               c_w.l(heapauxi.o)
    0x080003ba   0x080003ba   0x00000002   PAD
    0x080003bc   0x080003bc   0x00000008   Code   RO         4849    .text               c_w.l(rt_errno_addr_intlibspace.o)
    0x080003c4   0x080003c4   0x00000016   Code   RO         4851    .text               c_w.l(_rserrno.o)
    0x080003da   0x080003da   0x0000004e   Code   RO         4855    .text               c_w.l(_printf_pad.o)
    0x08000428   0x08000428   0x00000024   Code   RO         4857    .text               c_w.l(_printf_truncate.o)
    0x0800044c   0x0800044c   0x00000052   Code   RO         4859    .text               c_w.l(_printf_str.o)
    0x0800049e   0x0800049e   0x00000002   PAD
    0x080004a0   0x080004a0   0x00000078   Code   RO         4861    .text               c_w.l(_printf_dec.o)
    0x08000518   0x08000518   0x00000028   Code   RO         4863    .text               c_w.l(_printf_charcount.o)
    0x08000540   0x08000540   0x00000030   Code   RO         4865    .text               c_w.l(_printf_char_common.o)
    0x08000570   0x08000570   0x0000000a   Code   RO         4867    .text               c_w.l(_sputc.o)
    0x0800057a   0x0800057a   0x00000002   PAD
    0x0800057c   0x0800057c   0x000000bc   Code   RO         4869    .text               c_w.l(_printf_wctomb.o)
    0x08000638   0x08000638   0x0000007c   Code   RO         4872    .text               c_w.l(_printf_longlong_dec.o)
    0x080006b4   0x080006b4   0x00000070   Code   RO         4878    .text               c_w.l(_printf_oct_int_ll.o)
    0x08000724   0x08000724   0x00000094   Code   RO         4898    .text               c_w.l(_printf_hex_int_ll_ptr.o)
    0x080007b8   0x080007b8   0x00000188   Code   RO         4918    .text               c_w.l(__printf_flags_ss_wp.o)
    0x08000940   0x08000940   0x000000a4   Code   RO         4944    .text               c_w.l(strtod.o)
    0x080009e4   0x080009e4   0x00000044   Code   RO         4948    .text               c_w.l(strtok_int.o)
    0x08000a28   0x08000a28   0x00000008   Code   RO         4998    .text               c_w.l(libspace.o)
    0x08000a30   0x08000a30   0x00000010   Code   RO         5016    .text               c_w.l(rt_ctype_table.o)
    0x08000a40   0x08000a40   0x0000008a   Code   RO         5018    .text               c_w.l(lludiv10.o)
    0x08000aca   0x08000aca   0x00000012   Code   RO         5020    .text               c_w.l(isspace.o)
    0x08000adc   0x08000adc   0x000000b2   Code   RO         5022    .text               c_w.l(_printf_intcommon.o)
    0x08000b8e   0x08000b8e   0x0000041e   Code   RO         5024    .text               c_w.l(_printf_fp_dec.o)
    0x08000fac   0x08000fac   0x000002fc   Code   RO         5026    .text               c_w.l(_printf_fp_hex.o)
    0x080012a8   0x080012a8   0x0000002c   Code   RO         5031    .text               c_w.l(_printf_char.o)
    0x080012d4   0x080012d4   0x0000002c   Code   RO         5033    .text               c_w.l(_printf_wchar.o)
    0x08001300   0x08001300   0x00000040   Code   RO         5036    .text               c_w.l(_sgetc.o)
    0x08001340   0x08001340   0x00000040   Code   RO         5040    .text               c_w.l(_wcrtomb.o)
    0x08001380   0x08001380   0x00000020   Code   RO         5045    .text               c_w.l(strcspn.o)
    0x080013a0   0x080013a0   0x0000001c   Code   RO         5047    .text               c_w.l(strspn.o)
    0x080013bc   0x080013bc   0x0000004a   Code   RO         5057    .text               c_w.l(sys_stackheap_outer.o)
    0x08001406   0x08001406   0x00000002   PAD
    0x08001408   0x08001408   0x00000008   Code   RO         5062    .text               c_w.l(rt_locale_intlibspace.o)
    0x08001410   0x08001410   0x00000080   Code   RO         5064    .text               c_w.l(_printf_fp_infnan.o)
    0x08001490   0x08001490   0x0000001c   Code   RO         5066    .text               c_w.l(_chval.o)
    0x080014ac   0x080014ac   0x000004f8   Code   RO         5068    .text               c_w.l(scanf_fp.o)
    0x080019a4   0x080019a4   0x000000e4   Code   RO         5070    .text               c_w.l(bigflt0.o)
    0x08001a88   0x08001a88   0x00000012   Code   RO         5098    .text               c_w.l(exit.o)
    0x08001a9a   0x08001a9a   0x00000002   PAD
    0x08001a9c   0x08001a9c   0x00000320   Code   RO         5186    .text               c_w.l(scanf_hexfp.o)
    0x08001dbc   0x08001dbc   0x00000134   Code   RO         5188    .text               c_w.l(scanf_infnan.o)
    0x08001ef0   0x08001ef0   0x0000000c   Code   RO         5204    .text               c_w.l(sys_exit.o)
    0x08001efc   0x08001efc   0x00000026   Code   RO         5208    .text               c_w.l(llshl.o)
    0x08001f22   0x08001f22   0x00000002   Code   RO         5229    .text               c_w.l(use_no_semi.o)
    0x08001f24   0x08001f24   0x00000000   Code   RO         5231    .text               c_w.l(indicate_semi.o)
    0x08001f24   0x08001f24   0x0000003e   Code   RO         5073    CL$$btod_d2e        c_w.l(btod.o)
    0x08001f62   0x08001f62   0x00000046   Code   RO         5075    CL$$btod_d2e_denorm_low  c_w.l(btod.o)
    0x08001fa8   0x08001fa8   0x00000060   Code   RO         5074    CL$$btod_d2e_norm_op1  c_w.l(btod.o)
    0x08002008   0x08002008   0x00000338   Code   RO         5083    CL$$btod_div_common  c_w.l(btod.o)
    0x08002340   0x08002340   0x00000084   Code   RO         5081    CL$$btod_e2d        c_w.l(btod.o)
    0x080023c4   0x080023c4   0x000000dc   Code   RO         5080    CL$$btod_e2e        c_w.l(btod.o)
    0x080024a0   0x080024a0   0x0000002a   Code   RO         5077    CL$$btod_ediv       c_w.l(btod.o)
    0x080024ca   0x080024ca   0x0000002a   Code   RO         5079    CL$$btod_edivd      c_w.l(btod.o)
    0x080024f4   0x080024f4   0x0000002a   Code   RO         5076    CL$$btod_emul       c_w.l(btod.o)
    0x0800251e   0x0800251e   0x0000002a   Code   RO         5078    CL$$btod_emuld      c_w.l(btod.o)
    0x08002548   0x08002548   0x00000244   Code   RO         5082    CL$$btod_mult_common  c_w.l(btod.o)
    0x0800278c   0x0800278c   0x00000018   Code   RO         3576    i.BLE_Serial_Init   ble_serial.o
    0x080027a4   0x080027a4   0x00000024   Code   RO         3578    i.BLE_Serial_Printf  ble_serial.o
    0x080027c8   0x080027c8   0x00000018   Code   RO         3580    i.BLE_Serial_SendByte  ble_serial.o
    0x080027e0   0x080027e0   0x0000001a   Code   RO         3582    i.BLE_Serial_SendString  ble_serial.o
    0x080027fa   0x080027fa   0x00000002   PAD
    0x080027fc   0x080027fc   0x000001e4   Code   RO         4647    i.BlueSerial_DebugPID  blueserial_debug.o
    0x080029e0   0x080029e0   0x00000004   Code   RO          456    i.BusFault_Handler  stm32f1xx_it.o
    0x080029e4   0x080029e4   0x00000024   Code   RO         4597    i.Car_SpeedM1Driver  motor_driver.o
    0x08002a08   0x08002a08   0x00000024   Code   RO         4598    i.Car_SpeedM2Driver  motor_driver.o
    0x08002a2c   0x08002a2c   0x0000002c   Code   RO         4599    i.Car_UprightM1Driver  motor_driver.o
    0x08002a58   0x08002a58   0x0000002c   Code   RO         4600    i.Car_UprightM2Driver  motor_driver.o
    0x08002a84   0x08002a84   0x00000110   Code   RO         4560    i.Complementary_Filter  compfilter.o
    0x08002b94   0x08002b94   0x00000010   Code   RO          457    i.DMA1_Channel4_IRQHandler  stm32f1xx_it.o
    0x08002ba4   0x08002ba4   0x00000002   Code   RO          458    i.DebugMon_Handler  stm32f1xx_it.o
    0x08002ba6   0x08002ba6   0x00000002   PAD
    0x08002ba8   0x08002ba8   0x00000018   Code   RO         3659    i.Encoder_GetM1     encoder.o
    0x08002bc0   0x08002bc0   0x00000018   Code   RO         3662    i.Encoder_GetM2     encoder.o
    0x08002bd8   0x08002bd8   0x0000001c   Code   RO         3665    i.Encoder_Init      encoder.o
    0x08002bf4   0x08002bf4   0x00000006   Code   RO           13    i.Error_Handler     main.o
    0x08002bfa   0x08002bfa   0x00000002   PAD
    0x08002bfc   0x08002bfc   0x0000000c   Code   RO         4561    i.GetPitchAngle     compfilter.o
    0x08002c08   0x08002c08   0x00000056   Code   RO         1560    i.HAL_DMA_Abort     stm32f1xx_hal_dma.o
    0x08002c5e   0x08002c5e   0x00000002   PAD
    0x08002c60   0x08002c60   0x000000b0   Code   RO         1561    i.HAL_DMA_Abort_IT  stm32f1xx_hal_dma.o
    0x08002d10   0x08002d10   0x0000019c   Code   RO         1565    i.HAL_DMA_IRQHandler  stm32f1xx_hal_dma.o
    0x08002eac   0x08002eac   0x00000068   Code   RO         1566    i.HAL_DMA_Init      stm32f1xx_hal_dma.o
    0x08002f14   0x08002f14   0x00000320   Code   RO         1496    i.HAL_GPIO_Init     stm32f1xx_hal_gpio.o
    0x08003234   0x08003234   0x00000010   Code   RO         1498    i.HAL_GPIO_ReadPin  stm32f1xx_hal_gpio.o
    0x08003244   0x08003244   0x0000000c   Code   RO         1500    i.HAL_GPIO_WritePin  stm32f1xx_hal_gpio.o
    0x08003250   0x08003250   0x0000000c   Code   RO         1104    i.HAL_GetTick       stm32f1xx_hal.o
    0x0800325c   0x0800325c   0x000001d0   Code   RO          627    i.HAL_I2C_Init      stm32f1xx_hal_i2c.o
    0x0800342c   0x0800342c   0x0000008c   Code   RO          289    i.HAL_I2C_MspInit   i2c.o
    0x080034b8   0x080034b8   0x00000018   Code   RO         1110    i.HAL_IncTick       stm32f1xx_hal.o
    0x080034d0   0x080034d0   0x00000028   Code   RO         1111    i.HAL_Init          stm32f1xx_hal.o
    0x080034f8   0x080034f8   0x0000004c   Code   RO         1112    i.HAL_InitTick      stm32f1xx_hal.o
    0x08003544   0x08003544   0x0000005c   Code   RO          556    i.HAL_MspInit       stm32f1xx_hal_msp.o
    0x080035a0   0x080035a0   0x00000020   Code   RO         1656    i.HAL_NVIC_EnableIRQ  stm32f1xx_hal_cortex.o
    0x080035c0   0x080035c0   0x0000007c   Code   RO         1662    i.HAL_NVIC_SetPriority  stm32f1xx_hal_cortex.o
    0x0800363c   0x0800363c   0x00000028   Code   RO         1663    i.HAL_NVIC_SetPriorityGrouping  stm32f1xx_hal_cortex.o
    0x08003664   0x08003664   0x0000018c   Code   RO         1268    i.HAL_RCC_ClockConfig  stm32f1xx_hal_rcc.o
    0x080037f0   0x080037f0   0x0000000c   Code   RO         1273    i.HAL_RCC_GetHCLKFreq  stm32f1xx_hal_rcc.o
    0x080037fc   0x080037fc   0x00000020   Code   RO         1275    i.HAL_RCC_GetPCLK1Freq  stm32f1xx_hal_rcc.o
    0x0800381c   0x0800381c   0x00000020   Code   RO         1276    i.HAL_RCC_GetPCLK2Freq  stm32f1xx_hal_rcc.o
    0x0800383c   0x0800383c   0x00000070   Code   RO         1277    i.HAL_RCC_GetSysClockFreq  stm32f1xx_hal_rcc.o
    0x080038ac   0x080038ac   0x00000464   Code   RO         1280    i.HAL_RCC_OscConfig  stm32f1xx_hal_rcc.o
    0x08003d10   0x08003d10   0x00000034   Code   RO         1667    i.HAL_SYSTICK_Config  stm32f1xx_hal_cortex.o
    0x08003d44   0x08003d44   0x00000002   Code   RO         2899    i.HAL_TIMEx_BreakCallback  stm32f1xx_hal_tim_ex.o
    0x08003d46   0x08003d46   0x00000002   Code   RO         2900    i.HAL_TIMEx_CommutCallback  stm32f1xx_hal_tim_ex.o
    0x08003d48   0x08003d48   0x00000084   Code   RO         2918    i.HAL_TIMEx_MasterConfigSynchronization  stm32f1xx_hal_tim_ex.o
    0x08003dcc   0x08003dcc   0x00000066   Code   RO         2184    i.HAL_TIM_Base_Init  stm32f1xx_hal_tim.o
    0x08003e32   0x08003e32   0x00000002   PAD
    0x08003e34   0x08003e34   0x00000068   Code   RO          331    i.HAL_TIM_Base_MspInit  tim.o
    0x08003e9c   0x08003e9c   0x0000006c   Code   RO         2187    i.HAL_TIM_Base_Start  stm32f1xx_hal_tim.o
    0x08003f08   0x08003f08   0x00000078   Code   RO         2189    i.HAL_TIM_Base_Start_IT  stm32f1xx_hal_tim.o
    0x08003f80   0x08003f80   0x0000010c   Code   RO         2193    i.HAL_TIM_ConfigClockSource  stm32f1xx_hal_tim.o
    0x0800408c   0x0800408c   0x000000c4   Code   RO         2205    i.HAL_TIM_Encoder_Init  stm32f1xx_hal_tim.o
    0x08004150   0x08004150   0x000000d0   Code   RO          333    i.HAL_TIM_Encoder_MspInit  tim.o
    0x08004220   0x08004220   0x000000cc   Code   RO         2208    i.HAL_TIM_Encoder_Start  stm32f1xx_hal_tim.o
    0x080042ec   0x080042ec   0x00000002   Code   RO         2218    i.HAL_TIM_IC_CaptureCallback  stm32f1xx_hal_tim.o
    0x080042ee   0x080042ee   0x0000016c   Code   RO         2232    i.HAL_TIM_IRQHandler  stm32f1xx_hal_tim.o
    0x0800445a   0x0800445a   0x00000002   PAD
    0x0800445c   0x0800445c   0x00000054   Code   RO          334    i.HAL_TIM_MspPostInit  tim.o
    0x080044b0   0x080044b0   0x00000002   Code   RO         2235    i.HAL_TIM_OC_DelayElapsedCallback  stm32f1xx_hal_tim.o
    0x080044b2   0x080044b2   0x00000104   Code   RO         2256    i.HAL_TIM_PWM_ConfigChannel  stm32f1xx_hal_tim.o
    0x080045b6   0x080045b6   0x00000066   Code   RO         2259    i.HAL_TIM_PWM_Init  stm32f1xx_hal_tim.o
    0x0800461c   0x0800461c   0x00000002   Code   RO         2261    i.HAL_TIM_PWM_MspInit  stm32f1xx_hal_tim.o
    0x0800461e   0x0800461e   0x00000002   Code   RO         2262    i.HAL_TIM_PWM_PulseFinishedCallback  stm32f1xx_hal_tim.o
    0x08004620   0x08004620   0x000000d4   Code   RO         2264    i.HAL_TIM_PWM_Start  stm32f1xx_hal_tim.o
    0x080046f4   0x080046f4   0x00000110   Code   RO           14    i.HAL_TIM_PeriodElapsedCallback  main.o
    0x08004804   0x08004804   0x00000002   Code   RO         2275    i.HAL_TIM_TriggerCallback  stm32f1xx_hal_tim.o
    0x08004806   0x08004806   0x00000002   Code   RO         3178    i.HAL_UARTEx_RxEventCallback  stm32f1xx_hal_uart.o
    0x08004808   0x08004808   0x00000002   Code   RO         3192    i.HAL_UART_ErrorCallback  stm32f1xx_hal_uart.o
    0x0800480a   0x0800480a   0x00000002   PAD
    0x0800480c   0x0800480c   0x000002e4   Code   RO         3195    i.HAL_UART_IRQHandler  stm32f1xx_hal_uart.o
    0x08004af0   0x08004af0   0x00000076   Code   RO         3196    i.HAL_UART_Init     stm32f1xx_hal_uart.o
    0x08004b66   0x08004b66   0x00000002   PAD
    0x08004b68   0x08004b68   0x00000154   Code   RO          409    i.HAL_UART_MspInit  usart.o
    0x08004cbc   0x08004cbc   0x0000002c   Code   RO         3201    i.HAL_UART_Receive_IT  stm32f1xx_hal_uart.o
    0x08004ce8   0x08004ce8   0x000000a0   Code   RO         3583    i.HAL_UART_RxCpltCallback  ble_serial.o
    0x08004d88   0x08004d88   0x000000be   Code   RO         3204    i.HAL_UART_Transmit  stm32f1xx_hal_uart.o
    0x08004e46   0x08004e46   0x00000002   Code   RO         3207    i.HAL_UART_TxCpltCallback  stm32f1xx_hal_uart.o
    0x08004e48   0x08004e48   0x00000004   Code   RO          459    i.HardFault_Handler  stm32f1xx_it.o
    0x08004e4c   0x08004e4c   0x00000024   Code   RO         3722    i.Key_Check         key.o
    0x08004e70   0x08004e70   0x00000058   Code   RO         3723    i.Key_GetState      key.o
    0x08004ec8   0x08004ec8   0x000002b0   Code   RO         3725    i.Key_Tick          key.o
    0x08005178   0x08005178   0x00000082   Code   RO         4467    i.MPU6050_GetData   mpu6050.o
    0x080051fa   0x080051fa   0x00000038   Code   RO         4469    i.MPU6050_Init      mpu6050.o
    0x08005232   0x08005232   0x0000005e   Code   RO         4471    i.MPU6050_ReadRegs  mpu6050.o
    0x08005290   0x08005290   0x0000002e   Code   RO         4472    i.MPU6050_WriteReg  mpu6050.o
    0x080052be   0x080052be   0x00000002   PAD
    0x080052c0   0x080052c0   0x00000034   Code   RO          264    i.MX_DMA_Init       dma.o
    0x080052f4   0x080052f4   0x0000016c   Code   RO          240    i.MX_GPIO_Init      gpio.o
    0x08005460   0x08005460   0x0000003c   Code   RO          290    i.MX_I2C1_Init      i2c.o
    0x0800549c   0x0800549c   0x00000070   Code   RO          335    i.MX_TIM1_Init      tim.o
    0x0800550c   0x0800550c   0x000000b4   Code   RO          336    i.MX_TIM2_Init      tim.o
    0x080055c0   0x080055c0   0x00000080   Code   RO          337    i.MX_TIM3_Init      tim.o
    0x08005640   0x08005640   0x00000080   Code   RO          338    i.MX_TIM4_Init      tim.o
    0x080056c0   0x080056c0   0x00000038   Code   RO          410    i.MX_USART1_UART_Init  usart.o
    0x080056f8   0x080056f8   0x00000038   Code   RO          411    i.MX_USART2_UART_Init  usart.o
    0x08005730   0x08005730   0x00000004   Code   RO          460    i.MemManage_Handler  stm32f1xx_it.o
    0x08005734   0x08005734   0x00000054   Code   RO         3806    i.MotorM1_Set       motor.o
    0x08005788   0x08005788   0x00000054   Code   RO         3807    i.MotorM2_Set       motor.o
    0x080057dc   0x080057dc   0x00000018   Code   RO         3808    i.Motor_PWMStart    motor.o
    0x080057f4   0x080057f4   0x00000094   Code   RO         4729    i.Motor_Protection  motor_protection.o
    0x08005888   0x08005888   0x0000001c   Code   RO         4389    i.MyI2C_Init        myi2c.o
    0x080058a4   0x080058a4   0x00000020   Code   RO         4390    i.MyI2C_R_SDA       myi2c.o
    0x080058c4   0x080058c4   0x0000001e   Code   RO         4391    i.MyI2C_ReceiveAck  myi2c.o
    0x080058e2   0x080058e2   0x00000032   Code   RO         4392    i.MyI2C_ReceiveByte  myi2c.o
    0x08005914   0x08005914   0x00000018   Code   RO         4393    i.MyI2C_SendAck     myi2c.o
    0x0800592c   0x0800592c   0x00000032   Code   RO         4394    i.MyI2C_SendByte    myi2c.o
    0x0800595e   0x0800595e   0x0000001c   Code   RO         4395    i.MyI2C_Start       myi2c.o
    0x0800597a   0x0800597a   0x00000016   Code   RO         4396    i.MyI2C_Stop        myi2c.o
    0x08005990   0x08005990   0x00000020   Code   RO         4397    i.MyI2C_W_SCL       myi2c.o
    0x080059b0   0x080059b0   0x00000020   Code   RO         4398    i.MyI2C_W_SDA       myi2c.o
    0x080059d0   0x080059d0   0x00000004   Code   RO          461    i.NMI_Handler       stm32f1xx_it.o
    0x080059d4   0x080059d4   0x00000028   Code   RO         4096    i.OLED_Clear        oled.o
    0x080059fc   0x080059fc   0x00000090   Code   RO         4097    i.OLED_ClearArea    oled.o
    0x08005a8c   0x08005a8c   0x00000070   Code   RO         4105    i.OLED_GPIO_ForceInit  oled.o
    0x08005afc   0x08005afc   0x00000028   Code   RO         4106    i.OLED_GPIO_Init    oled.o
    0x08005b24   0x08005b24   0x0000003e   Code   RO         4108    i.OLED_I2C_SendByte  oled.o
    0x08005b62   0x08005b62   0x0000001c   Code   RO         4109    i.OLED_I2C_Start    oled.o
    0x08005b7e   0x08005b7e   0x00000016   Code   RO         4110    i.OLED_I2C_Stop     oled.o
    0x08005b94   0x08005b94   0x0000009a   Code   RO         4111    i.OLED_Init         oled.o
    0x08005c2e   0x08005c2e   0x00000032   Code   RO         4114    i.OLED_Printf       oled.o
    0x08005c60   0x08005c60   0x00000022   Code   RO         4117    i.OLED_SetCursor    oled.o
    0x08005c82   0x08005c82   0x00000002   PAD
    0x08005c84   0x08005c84   0x00000054   Code   RO         4119    i.OLED_ShowChar     oled.o
    0x08005cd8   0x08005cd8   0x000000fc   Code   RO         4122    i.OLED_ShowImage    oled.o
    0x08005dd4   0x08005dd4   0x00000090   Code   RO         4690    i.OLED_ShowPIDOut   showinoled.o
    0x08005e64   0x08005e64   0x000001c4   Code   RO         4125    i.OLED_ShowString   oled.o
    0x08006028   0x08006028   0x00000028   Code   RO         4126    i.OLED_Update       oled.o
    0x08006050   0x08006050   0x00000020   Code   RO         4128    i.OLED_W_SCL        oled.o
    0x08006070   0x08006070   0x00000020   Code   RO         4129    i.OLED_W_SDA        oled.o
    0x08006090   0x08006090   0x00000020   Code   RO         4130    i.OLED_WriteCommand  oled.o
    0x080060b0   0x080060b0   0x0000002e   Code   RO         4131    i.OLED_WriteData    oled.o
    0x080060de   0x080060de   0x00000016   Code   RO         4527    i.PID_Init          pid.o
    0x080060f4   0x080060f4   0x000000d0   Code   RO         4528    i.PID_Update        pid.o
    0x080061c4   0x080061c4   0x00000002   Code   RO          462    i.PendSV_Handler    stm32f1xx_it.o
    0x080061c6   0x080061c6   0x00000002   PAD
    0x080061c8   0x080061c8   0x00000028   Code   RO         1281    i.RCC_Delay         stm32f1xx_hal_rcc.o
    0x080061f0   0x080061f0   0x00000002   Code   RO          463    i.SVC_Handler       stm32f1xx_it.o
    0x080061f2   0x080061f2   0x00000010   Code   RO         3809    i.StopMotor         motor.o
    0x08006202   0x08006202   0x00000008   Code   RO          464    i.SysTick_Handler   stm32f1xx_it.o
    0x0800620a   0x0800620a   0x00000066   Code   RO           15    i.SystemClock_Config  main.o
    0x08006270   0x08006270   0x00000002   Code   RO         3540    i.SystemInit        system_stm32f1xx.o
    0x08006272   0x08006272   0x00000002   PAD
    0x08006274   0x08006274   0x00000010   Code   RO          465    i.TIM1_UP_IRQHandler  stm32f1xx_it.o
    0x08006284   0x08006284   0x00000084   Code   RO         2277    i.TIM_Base_SetConfig  stm32f1xx_hal_tim.o
    0x08006308   0x08006308   0x00000022   Code   RO         2278    i.TIM_CCxChannelCmd  stm32f1xx_hal_tim.o
    0x0800632a   0x0800632a   0x00000016   Code   RO         2288    i.TIM_ETR_SetConfig  stm32f1xx_hal_tim.o
    0x08006340   0x08006340   0x00000012   Code   RO         2289    i.TIM_ITRx_SetConfig  stm32f1xx_hal_tim.o
    0x08006352   0x08006352   0x00000002   PAD
    0x08006354   0x08006354   0x00000060   Code   RO         2290    i.TIM_OC1_SetConfig  stm32f1xx_hal_tim.o
    0x080063b4   0x080063b4   0x00000068   Code   RO         2291    i.TIM_OC2_SetConfig  stm32f1xx_hal_tim.o
    0x0800641c   0x0800641c   0x00000068   Code   RO         2292    i.TIM_OC3_SetConfig  stm32f1xx_hal_tim.o
    0x08006484   0x08006484   0x00000048   Code   RO         2293    i.TIM_OC4_SetConfig  stm32f1xx_hal_tim.o
    0x080064cc   0x080064cc   0x00000026   Code   RO         2295    i.TIM_TI1_ConfigInputStage  stm32f1xx_hal_tim.o
    0x080064f2   0x080064f2   0x00000028   Code   RO         2297    i.TIM_TI2_ConfigInputStage  stm32f1xx_hal_tim.o
    0x0800651a   0x0800651a   0x00000014   Code   RO         3209    i.UART_DMAAbortOnError  stm32f1xx_hal_uart.o
    0x0800652e   0x0800652e   0x0000006c   Code   RO         3219    i.UART_EndRxTransfer  stm32f1xx_hal_uart.o
    0x0800659a   0x0800659a   0x00000020   Code   RO         3220    i.UART_EndTransmit_IT  stm32f1xx_hal_uart.o
    0x080065ba   0x080065ba   0x000000fc   Code   RO         3222    i.UART_Receive_IT   stm32f1xx_hal_uart.o
    0x080066b6   0x080066b6   0x00000002   PAD
    0x080066b8   0x080066b8   0x000000fc   Code   RO         3223    i.UART_SetConfig    stm32f1xx_hal_uart.o
    0x080067b4   0x080067b4   0x00000040   Code   RO         3225    i.UART_Start_Receive_IT  stm32f1xx_hal_uart.o
    0x080067f4   0x080067f4   0x00000060   Code   RO         3226    i.UART_Transmit_IT  stm32f1xx_hal_uart.o
    0x08006854   0x08006854   0x0000008c   Code   RO         3227    i.UART_WaitOnFlagUntilTimeout  stm32f1xx_hal_uart.o
    0x080068e0   0x080068e0   0x00000010   Code   RO          466    i.USART1_IRQHandler  stm32f1xx_it.o
    0x080068f0   0x080068f0   0x00000010   Code   RO          467    i.USART2_IRQHandler  stm32f1xx_it.o
    0x08006900   0x08006900   0x00000004   Code   RO          468    i.UsageFault_Handler  stm32f1xx_it.o
    0x08006904   0x08006904   0x00000028   Code   RO         5053    i.__ARM_fpclassify  m_ws.l(fpclassify.o)
    0x0800692c   0x0800692c   0x00000010   Code   RO         1669    i.__NVIC_GetPriorityGrouping  stm32f1xx_hal_cortex.o
    0x0800693c   0x0800693c   0x00000028   Code   RO         1670    i.__NVIC_SetPriority  stm32f1xx_hal_cortex.o
    0x08006964   0x08006964   0x000000aa   Code   RO         5055    i.__kernel_poly     m_ws.l(poly.o)
    0x08006a0e   0x08006a0e   0x00000006   Code   RO         4984    i.__mathlib_dbl_infnan  m_ws.l(dunder.o)
    0x08006a14   0x08006a14   0x00000004   Code   RO         4985    i.__mathlib_dbl_infnan2  m_ws.l(dunder.o)
    0x08006a18   0x08006a18   0x0000000e   Code   RO         4987    i.__mathlib_dbl_overflow  m_ws.l(dunder.o)
    0x08006a26   0x08006a26   0x00000002   PAD
    0x08006a28   0x08006a28   0x00000010   Code   RO         4989    i.__mathlib_dbl_underflow  m_ws.l(dunder.o)
    0x08006a38   0x08006a38   0x00000010   Code   RO         5173    i.__mathlib_narrow  m_ws.l(narrow.o)
    0x08006a48   0x08006a48   0x000000bc   Code   RO         5174    i.__mathlib_tofloat  m_ws.l(narrow.o)
    0x08006b04   0x08006b04   0x00000016   Code   RO         5218    i.__support_ldexp   m_ws.l(ldexp.o)
    0x08006b1a   0x08006b1a   0x0000000e   Code   RO         4911    i._is_digit         c_w.l(__printf_wp.o)
    0x08006b28   0x08006b28   0x00000220   Code   RO         4974    i.atan              m_ws.l(atan.o)
    0x08006d48   0x08006d48   0x00000180   Code   RO         4832    i.atan2             m_ws.l(atan2.o)
    0x08006ec8   0x08006ec8   0x0000002a   Code   RO         4840    i.atof              m_ws.l(atof.o)
    0x08006ef2   0x08006ef2   0x00000002   PAD
    0x08006ef4   0x08006ef4   0x00000058   Code   RO         5199    i.frexp             m_ws.l(frexp.o)
    0x08006f4c   0x08006f4c   0x00000074   Code   RO         5219    i.ldexp             m_ws.l(ldexp.o)
    0x08006fc0   0x08006fc0   0x000000d4   Code   RO           16    i.main              main.o
    0x08007094   0x08007094   0x0000002c   Code   RO         5043    locale$$code        c_w.l(lc_numeric_c.o)
    0x080070c0   0x080070c0   0x0000002c   Code   RO         5096    locale$$code        c_w.l(lc_ctype_c.o)
    0x080070ec   0x080070ec   0x00000062   Code   RO         4769    x$fpl$d2f           fz_ws.l(d2f.o)
    0x0800714e   0x0800714e   0x00000002   PAD
    0x08007150   0x08007150   0x00000150   Code   RO         4771    x$fpl$dadd          fz_ws.l(daddsub_clz.o)
    0x080072a0   0x080072a0   0x00000010   Code   RO         5151    x$fpl$dcheck1       fz_ws.l(dcheck1.o)
    0x080072b0   0x080072b0   0x00000018   Code   RO         4950    x$fpl$dcmpinf       fz_ws.l(dcmpi.o)
    0x080072c8   0x080072c8   0x000002b0   Code   RO         4778    x$fpl$ddiv          fz_ws.l(ddiv.o)
    0x08007578   0x08007578   0x00000078   Code   RO         5194    x$fpl$deqf          fz_ws.l(deqf.o)
    0x080075f0   0x080075f0   0x0000002e   Code   RO         4790    x$fpl$dflt          fz_ws.l(dflt_clz.o)
    0x0800761e   0x0800761e   0x00000002   PAD
    0x08007620   0x08007620   0x00000078   Code   RO         4795    x$fpl$dleqf         fz_ws.l(dleqf.o)
    0x08007698   0x08007698   0x00000154   Code   RO         4797    x$fpl$dmul          fz_ws.l(dmul.o)
    0x080077ec   0x080077ec   0x0000009c   Code   RO         4952    x$fpl$dnaninf       fz_ws.l(dnaninf.o)
    0x08007888   0x08007888   0x0000000c   Code   RO         4954    x$fpl$dretinf       fz_ws.l(dretinf.o)
    0x08007894   0x08007894   0x0000006c   Code   RO         4799    x$fpl$drleqf        fz_ws.l(drleqf.o)
    0x08007900   0x08007900   0x00000016   Code   RO         4772    x$fpl$drsb          fz_ws.l(daddsub_clz.o)
    0x08007916   0x08007916   0x00000002   PAD
    0x08007918   0x08007918   0x000001d4   Code   RO         4773    x$fpl$dsub          fz_ws.l(daddsub_clz.o)
    0x08007aec   0x08007aec   0x00000056   Code   RO         4801    x$fpl$f2d           fz_ws.l(f2d.o)
    0x08007b42   0x08007b42   0x00000002   PAD
    0x08007b44   0x08007b44   0x000000c4   Code   RO         4803    x$fpl$fadd          fz_ws.l(faddsub_clz.o)
    0x08007c08   0x08007c08   0x00000018   Code   RO         4958    x$fpl$fcmpinf       fz_ws.l(fcmpi.o)
    0x08007c20   0x08007c20   0x00000068   Code   RO         4813    x$fpl$feqf          fz_ws.l(feqf.o)
    0x08007c88   0x08007c88   0x00000036   Code   RO         4815    x$fpl$ffix          fz_ws.l(ffix.o)
    0x08007cbe   0x08007cbe   0x00000002   PAD
    0x08007cc0   0x08007cc0   0x00000068   Code   RO         4825    x$fpl$fleqf         fz_ws.l(fleqf.o)
    0x08007d28   0x08007d28   0x00000102   Code   RO         4827    x$fpl$fmul          fz_ws.l(fmul.o)
    0x08007e2a   0x08007e2a   0x0000008c   Code   RO         4960    x$fpl$fnaninf       fz_ws.l(fnaninf.o)
    0x08007eb6   0x08007eb6   0x0000000a   Code   RO         4962    x$fpl$fretinf       fz_ws.l(fretinf.o)
    0x08007ec0   0x08007ec0   0x00000062   Code   RO         4829    x$fpl$frleqf        fz_ws.l(frleqf.o)
    0x08007f22   0x08007f22   0x00000002   PAD
    0x08007f24   0x08007f24   0x000000ea   Code   RO         4805    x$fpl$fsub          fz_ws.l(faddsub_clz.o)
    0x0800800e   0x0800800e   0x00000006   Code   RO         5153    x$fpl$ieeestatus    fz_ws.l(istatus.o)
    0x08008014   0x08008014   0x00000004   Code   RO         4964    x$fpl$printf1       fz_ws.l(printf1.o)
    0x08008018   0x08008018   0x00000004   Code   RO         4966    x$fpl$printf2       fz_ws.l(printf2.o)
    0x0800801c   0x0800801c   0x00000064   Code   RO         5165    x$fpl$retnan        fz_ws.l(retnan.o)
    0x08008080   0x08008080   0x0000005c   Code   RO         5049    x$fpl$scalbn        fz_ws.l(scalbn.o)
    0x080080dc   0x080080dc   0x00000004   Code   RO         5051    x$fpl$scanf1        fz_ws.l(scanf1.o)
    0x080080e0   0x080080e0   0x00000008   Code   RO         5167    x$fpl$scanf2        fz_ws.l(scanf2.o)
    0x080080e8   0x080080e8   0x00000030   Code   RO         5196    x$fpl$trapveneer    fz_ws.l(trapv.o)
    0x08008118   0x08008118   0x00000000   Code   RO         4972    x$fpl$usenofp       fz_ws.l(usenofp.o)
    0x08008118   0x08008118   0x00000012   Data   RO         1282    .constdata          stm32f1xx_hal_rcc.o
    0x0800812a   0x0800812a   0x00000018   Data   RO         3541    .constdata          system_stm32f1xx.o
    0x08008142   0x08008142   0x00000e6d   Data   RO         4336    .constdata          oled_data.o
    0x08008faf   0x08008faf   0x00000001   PAD
    0x08008fb0   0x08008fb0   0x00000008   Data   RO         4870    .constdata          c_w.l(_printf_wctomb.o)
    0x08008fb8   0x08008fb8   0x00000028   Data   RO         4899    .constdata          c_w.l(_printf_hex_int_ll_ptr.o)
    0x08008fe0   0x08008fe0   0x00000011   Data   RO         4919    .constdata          c_w.l(__printf_flags_ss_wp.o)
    0x08008ff1   0x08008ff1   0x00000007   PAD
    0x08008ff8   0x08008ff8   0x00000098   Data   RO         4975    .constdata          m_ws.l(atan.o)
    0x08009090   0x08009090   0x00000008   Data   RO         4997    .constdata          m_ws.l(qnan.o)
    0x08009098   0x08009098   0x00000026   Data   RO         5027    .constdata          c_w.l(_printf_fp_hex.o)
    0x080090be   0x080090be   0x00000002   PAD
    0x080090c0   0x080090c0   0x00000094   Data   RO         5071    .constdata          c_w.l(bigflt0.o)
    0x08009154   0x08009154   0x00000020   Data   RO         5278    Region$$Table       anon$$obj.o
    0x08009174   0x08009174   0x00000008   Data   RO         5159    c$$dinf             fz_ws.l(fpconst.o)
    0x0800917c   0x0800917c   0x00000008   Data   RO         5162    c$$dmax             fz_ws.l(fpconst.o)
    0x08009184   0x08009184   0x0000001c   Data   RO         5042    locale$$data        c_w.l(lc_numeric_c.o)
    0x080091a0   0x080091a0   0x00000110   Data   RO         5095    locale$$data        c_w.l(lc_ctype_c.o)


    Execution Region RW_IRAM1 (Exec base: 0x20000000, Load base: 0x080092b0, Size: 0x00000e68, Max: 0x00005000, ABSOLUTE, COMPRESSED[0x00000028])

    Exec Addr    Load Addr    Size         Type   Attr      Idx    E Section Name        Object

    0x20000000   COMPRESSED   0x00000023   Data   RW           17    .data               main.o
    0x20000023   COMPRESSED   0x00000001   PAD
    0x20000024   COMPRESSED   0x00000009   Data   RW         1118    .data               stm32f1xx_hal.o
    0x2000002d   COMPRESSED   0x00000003   PAD
    0x20000030   COMPRESSED   0x00000004   Data   RW         3542    .data               system_stm32f1xx.o
    0x20000034   COMPRESSED   0x00000004   Data   RW         3586    .data               ble_serial.o
    0x20000038   COMPRESSED   0x0000001a   Data   RW         3726    .data               key.o
    0x20000052   COMPRESSED   0x00000002   PAD
    0x20000054   COMPRESSED   0x00000010   Data   RW         4562    .data               compfilter.o
    0x20000064   COMPRESSED   0x000000f0   Data   RW         4601    .data               motor_driver.o
    0x20000154   COMPRESSED   0x00000004   Data   RW         4691    .data               showinoled.o
    0x20000158   COMPRESSED   0x00000004   Data   RW         4759    .data               c_w.l(strtok.o)
    0x2000015c        -       0x00000054   Zero   RW          291    .bss                i2c.o
    0x200001b0        -       0x00000120   Zero   RW          339    .bss                tim.o
    0x200002d0        -       0x000000d4   Zero   RW          412    .bss                usart.o
    0x200003a4        -       0x00000064   Zero   RW         3585    .bss                ble_serial.o
    0x20000408        -       0x00000400   Zero   RW         4133    .bss                oled.o
    0x20000808        -       0x00000060   Zero   RW         4999    .bss                c_w.l(libspace.o)
    0x20000868        -       0x00000200   Zero   RW            2    HEAP                startup_stm32f103xb.o
    0x20000a68        -       0x00000400   Zero   RW            1    STACK               startup_stm32f103xb.o


==============================================================================

Image component sizes


      Code (inc. data)   RO Data    RW Data    ZI Data      Debug   Object Name

       270         46          0          4        100       3874   ble_serial.o
       484        106          0          0          0        746   blueserial_debug.o
       284         62          0         16          0       1212   compfilter.o
        52          4          0          0          0        698   dma.o
        76         20          0          0          0       1303   encoder.o
       364         16          0          0          0       1023   gpio.o
       200         28          0          0         84       1581   i2c.o
       812         42          0         26          0       2641   key.o
       592        106          0         35          0     436889   main.o
       208         24          0          0          0       1829   motor.o
       160         28          0        240          0       2314   motor_driver.o
       148         18          0          0          0        583   motor_protection.o
       326          0          0          0          0       2775   mpu6050.o
       328         22          0          0          0       4678   myi2c.o
      1656         56          0          0       1024      10911   oled.o
         0          0       3693          0          0       1109   oled_data.o
       230          0          0          0          0       1748   pid.o
       144         52          0          4          0        662   showinoled.o
        64         26        236          0       1536        788   startup_stm32f103xb.o
       152         32          0          9          0       5125   stm32f1xx_hal.o
       304         22          0          0          0      29255   stm32f1xx_hal_cortex.o
       778         12          0          0          0       3199   stm32f1xx_hal_dma.o
       828         34          0          0          0       3223   stm32f1xx_hal_gpio.o
       464         18          0          0          0       2083   stm32f1xx_hal_i2c.o
        92         10          0          0          0        854   stm32f1xx_hal_msp.o
      1748         98         18          0          0      41112   stm32f1xx_hal_rcc.o
      2606         74          0          0          0      17828   stm32f1xx_hal_tim.o
       136         14          0          0          0       2337   stm32f1xx_hal_tim_ex.o
      2062          8          0          0          0      11620   stm32f1xx_hal_uart.o
        98         24          0          0          0       5498   stm32f1xx_it.o
         2          0         24          4          0       1047   system_stm32f1xx.o
       944         70          0          0        288       4869   tim.o
       452         46          0          0        212       2290   usart.o

    ----------------------------------------------------------------------
     17092       1118       4004        344       3244     607704   Object Totals
         0          0         32          0          0          0   (incl. Generated)
        28          0          1          6          0          0   (incl. Padding)

    ----------------------------------------------------------------------

      Code (inc. data)   RO Data    RW Data    ZI Data      Debug   Library Member Name

        90          0          0          0          0          0   __dczerorl2.o
         8          0          0          0          0         68   __main.o
       392          4         17          0          0         92   __printf_flags_ss_wp.o
        14          0          0          0          0         68   __printf_wp.o
         0          0          0          0          0          0   __rtentry.o
        12          0          0          0          0          0   __rtentry2.o
         6          0          0          0          0          0   __rtentry4.o
        52          8          0          0          0          0   __scatter.o
        28          0          0          0          0          0   __scatter_zi.o
        28          0          0          0          0         68   _chval.o
         6          0          0          0          0          0   _printf_a.o
         6          0          0          0          0          0   _printf_c.o
        44          0          0          0          0        108   _printf_char.o
        48          6          0          0          0         96   _printf_char_common.o
        40          0          0          0          0         68   _printf_charcount.o
         6          0          0          0          0          0   _printf_d.o
       120         16          0          0          0         92   _printf_dec.o
         6          0          0          0          0          0   _printf_e.o
         6          0          0          0          0          0   _printf_f.o
      1054          0          0          0          0        216   _printf_fp_dec.o
       764          8         38          0          0        100   _printf_fp_hex.o
       128         16          0          0          0         84   _printf_fp_infnan.o
         6          0          0          0          0          0   _printf_g.o
       148          4         40          0          0        160   _printf_hex_int_ll_ptr.o
         6          0          0          0          0          0   _printf_i.o
       178          0          0          0          0         88   _printf_intcommon.o
        10          0          0          0          0          0   _printf_l.o
         6          0          0          0          0          0   _printf_lc.o
        10          0          0          0          0          0   _printf_ll.o
         6          0          0          0          0          0   _printf_lld.o
         6          0          0          0          0          0   _printf_lli.o
         6          0          0          0          0          0   _printf_llo.o
         6          0          0          0          0          0   _printf_llu.o
         6          0          0          0          0          0   _printf_llx.o
       124         16          0          0          0         92   _printf_longlong_dec.o
         6          0          0          0          0          0   _printf_ls.o
         6          0          0          0          0          0   _printf_n.o
         6          0          0          0          0          0   _printf_o.o
       112         10          0          0          0        124   _printf_oct_int_ll.o
         6          0          0          0          0          0   _printf_p.o
        78          0          0          0          0        108   _printf_pad.o
         0          0          0          0          0          0   _printf_percent.o
         4          0          0          0          0          0   _printf_percent_end.o
         6          0          0          0          0          0   _printf_s.o
        82          0          0          0          0         80   _printf_str.o
        36          0          0          0          0         84   _printf_truncate.o
         6          0          0          0          0          0   _printf_u.o
        44          0          0          0          0        108   _printf_wchar.o
       188          6          8          0          0         92   _printf_wctomb.o
         6          0          0          0          0          0   _printf_x.o
        22          0          0          0          0        100   _rserrno.o
        64          0          0          0          0         84   _sgetc.o
        10          0          0          0          0         68   _sputc.o
        64          0          0          0          0         92   _wcrtomb.o
       228          4        148          0          0         96   bigflt0.o
      2152        136          0          0          0        960   btod.o
        18          0          0          0          0         80   exit.o
         6          0          0          0          0        152   heapauxi.o
         0          0          0          0          0          0   indicate_semi.o
        18          0          0          0          0         76   isspace.o
        44         10        272          0          0         76   lc_ctype_c.o
        44         10         28          0          0         76   lc_numeric_c.o
         2          0          0          0          0          0   libinit.o
        30          0          0          0          0          0   libinit2.o
         2          0          0          0          0          0   libshutdown.o
         2          0          0          0          0          0   libshutdown2.o
         8          4          0          0         96         68   libspace.o
        38          0          0          0          0         68   llshl.o
       138          0          0          0          0         80   lludiv10.o
        16          4          0          0          0         76   rt_ctype_table.o
         8          4          0          0          0         68   rt_errno_addr_intlibspace.o
         8          4          0          0          0         68   rt_locale_intlibspace.o
        78          0          0          0          0         80   rt_memclr_w.o
         2          0          0          0          0          0   rtexit.o
        10          0          0          0          0          0   rtexit2.o
      1272         16          0          0          0        168   scanf_fp.o
       800         14          0          0          0        100   scanf_hexfp.o
       308         16          0          0          0        100   scanf_infnan.o
       128          0          0          0          0         68   strcmpv7m.o
        32          0          0          0          0         80   strcspn.o
        28          0          0          0          0         80   strspn.o
       164         14          0          0          0        120   strtod.o
        12          6          0          4          0         68   strtok.o
        68          4          0          0          0         84   strtok_int.o
        12          4          0          0          0         68   sys_exit.o
        74          0          0          0          0         80   sys_stackheap_outer.o
         2          0          0          0          0         68   use_no_semi.o
        36          4          0          0          0         76   vsprintf.o
        98          4          0          0          0         92   d2f.o
       826         16          0          0          0        348   daddsub_clz.o
        16          4          0          0          0         68   dcheck1.o
        24          0          0          0          0         68   dcmpi.o
       688        140          0          0          0        208   ddiv.o
       120          4          0          0          0         92   deqf.o
        46          0          0          0          0         68   dflt_clz.o
       120          4          0          0          0         92   dleqf.o
       340         12          0          0          0        104   dmul.o
       156          4          0          0          0         92   dnaninf.o
        12          0          0          0          0         68   dretinf.o
       108          0          0          0          0         80   drleqf.o
        86          4          0          0          0         84   f2d.o
       430          8          0          0          0        168   faddsub_clz.o
        24          0          0          0          0         68   fcmpi.o
       104          4          0          0          0         84   feqf.o
        54          4          0          0          0         84   ffix.o
       104          4          0          0          0         84   fleqf.o
       258          4          0          0          0         84   fmul.o
       140          4          0          0          0         84   fnaninf.o
         0          0         16          0          0          0   fpconst.o
        10          0          0          0          0         68   fretinf.o
        98          0          0          0          0         68   frleqf.o
         6          0          0          0          0         68   istatus.o
         4          0          0          0          0         68   printf1.o
         4          0          0          0          0         68   printf2.o
       100          0          0          0          0         68   retnan.o
        92          0          0          0          0         68   scalbn.o
         4          0          0          0          0         68   scanf1.o
         8          0          0          0          0         84   scanf2.o
        48          0          0          0          0         68   trapv.o
         0          0          0          0          0          0   usenofp.o
       544         70        152          0          0        124   atan.o
       384         38          0          0          0        144   atan2.o
        42          0          0          0          0         84   atof.o
        40          6          0          0          0        272   dunder.o
        40          0          0          0          0         68   fpclassify.o
        88          8          0          0          0         76   frexp.o
       138          0          0          0          0        160   ldexp.o
       204          4          0          0          0        168   narrow.o
       170          0          0          0          0         96   poly.o
         0          0          8          0          0          0   qnan.o

    ----------------------------------------------------------------------
     15720        694        736          4         96       9532   Library Totals
        32          0          9          0          0          0   (incl. Padding)

    ----------------------------------------------------------------------

      Code (inc. data)   RO Data    RW Data    ZI Data      Debug   Library Name

      9910        348        551          4         96       5524   c_w.l
      4128        220         16          0          0       2816   fz_ws.l
      1650        126        160          0          0       1192   m_ws.l

    ----------------------------------------------------------------------
     15720        694        736          4         96       9532   Library Totals

    ----------------------------------------------------------------------

==============================================================================


      Code (inc. data)   RO Data    RW Data    ZI Data      Debug   

     32812       1812       4740        348       3340     603764   Grand Totals
     32812       1812       4740         40       3340     603764   ELF Image Totals (compressed)
     32812       1812       4740         40          0          0   ROM Totals

==============================================================================

    Total RO  Size (Code + RO Data)                37552 (  36.67kB)
    Total RW  Size (RW Data + ZI Data)              3688 (   3.60kB)
    Total ROM Size (Code + RO Data + RW Data)      37592 (  36.71kB)

==============================================================================

