<html>
<body>
<pre>
<h1>µVision Build Log</h1>
<h2>Tool Versions:</h2>
IDE-Version: ¦ÌVision V5.43.1.0
Copyright (C) 2025 ARM Ltd and ARM Germany GmbH. All rights reserved.
License Information: A Car, 9, LIC=HN0AE-5U1H9-UHG8H-WGN20-BXKR2-J2ULA
 
Tool Versions:
Toolchain:       MDK-ARM Plus  Version: 5.43.0.0
Toolchain Path:  D:\Keil\ARM\ARMCC\Bin
C Compiler:      Armcc.exe V5.06 update 5 (build 528)
Assembler:       Armasm.exe V5.06 update 5 (build 528)
Linker/Locator:  ArmLink.exe V5.06 update 5 (build 528)
Library Manager: ArmAr.exe V5.06 update 5 (build 528)
Hex Converter:   FromElf.exe V5.06 update 5 (build 528)
CPU DLL:         SARMCM3.DLL V5.43.0.0
Dialog DLL:      DCM.DLL V1.17.5.0
Target DLL:      STLink\ST-LINKIII-KEIL_SWO.dll V3.3.1.0
Dialog DLL:      TCM.DLL V1.56.6.0
 
<h2>Project:</h2>
D:\DeskTop\HALProject\HAL_Car\MDK-ARM\HAL_Car.uvprojx
Project File Date:  03/13/2026

<h2>Output:</h2>
*** Using Compiler 'V5.06 update 5 (build 528)', folder: 'D:\Keil\ARM\ARMCC\Bin'
Rebuild target 'HAL_Car'
assembling startup_stm32f103xb.s...
compiling dma.c...
compiling gpio.c...
compiling usart.c...
compiling OLED_Data.c...
compiling main.c...
compiling stm32f1xx_hal_flash.c...
compiling i2c.c...
compiling Delay.c...
compiling stm32f1xx_hal_msp.c...
compiling LED.c...
compiling stm32f1xx_hal_cortex.c...
compiling stm32f1xx_it.c...
compiling key.c...
compiling Encoder.c...
compiling stm32f1xx_hal_tim_ex.c...
compiling NRF24L01.c...
compiling tim.c...
compiling stm32f1xx_hal_gpio_ex.c...
compiling stm32f1xx_hal_gpio.c...
compiling stm32f1xx_hal_flash_ex.c...
compiling stm32f1xx_hal_rcc_ex.c...
compiling system_stm32f1xx.c...
compiling stm32f1xx_hal.c...
compiling stm32f1xx_hal_dma.c...
compiling BLE_Serial.c...
compiling Motor.c...
compiling stm32f1xx_hal_exti.c...
compiling stm32f1xx_hal_pwr.c...
compiling stm32f1xx_hal_rcc.c...
compiling vofa.c...
compiling MyI2C.c...
compiling OLED.c...
compiling stm32f1xx_hal_uart.c...
compiling stm32f1xx_hal_i2c.c...
compiling MPU6050.c...
compiling stm32f1xx_hal_tim.c...
compiling PID.c...
compiling Motor_driver.c...
compiling CompFilter.c...
compiling BlueSerial_Debug.c...
compiling Motor_Protection.c...
compiling ShowInOLED.c...
linking...
Program Size: Code=32504 RO-data=4736 RW-data=348 ZI-data=3340  
FromELF: creating hex file...
"HAL_Car\HAL_Car.axf" - 0 Error(s), 0 Warning(s).

<h2>Software Packages used:</h2>

Package Vendor: ARM
                https://www.keil.com/pack/ARM.CMSIS.6.3.0.pack
                ARM::CMSIS@6.3.0
                CMSIS (Common Microcontroller Software Interface Standard)
   * Component: CORE Version: 6.2.0

Package Vendor: Keil
                http://www.keil.com/pack/Keil.STM32F1xx_DFP.2.4.0.pack
                Keil::STM32F1xx_DFP@2.4.0
                STMicroelectronics STM32F1 Series Device Support, Drivers and Examples

<h2>Collection of Component include folders:</h2>
  ./RTE/_HAL_Car
  D:/Keil/ARM/PACK/ARM/CMSIS/6.3.0/CMSIS/Core/Include
  D:/Keil/ARM/PACK/Keil/STM32F1xx_DFP/2.4.0/Device/Include

<h2>Collection of Component Files used:</h2>

   * Component: ARM::CMSIS:CORE@6.2.0
      Include file:  CMSIS/Core/Include/tz_context.h
Build Time Elapsed:  00:00:03
</pre>
</body>
</html>
