<html>
<body>
<pre>
<h1>µVision Build Log</h1>
<h2>Tool Versions:</h2>
IDE-Version: ¦ÌVision V5.39.0.0
Copyright (C) 2023 ARM Ltd and ARM Germany GmbH. All rights reserved.
License Information: A Car, 9, LIC=HN0AE-5U1H9-UHG8H-WGN20-BXKR2-J2ULA
 
Tool Versions:
Toolchain:       MDK-ARM Plus  Version: 5.39.0.0
Toolchain Path:  D:\Keil\ARM\ARMCLANG\Bin
C Compiler:      ArmClang.exe V6.21
Assembler:       Armasm.exe V6.21
Linker/Locator:  ArmLink.exe V6.21
Library Manager: ArmAr.exe V6.21
Hex Converter:   FromElf.exe V6.21
CPU DLL:         SARMCM3.DLL V5.39.0.0
Dialog DLL:      DCM.DLL V1.17.5.0
Target DLL:      CMSIS_AGDI.dll V1.33.16.0
Dialog DLL:      TCM.DLL V1.56.4.0
 
<h2>Project:</h2>
D:\DeskTop\HALProject\have_newRemote and AGV\MDK-ARM\CtrlBoard-H7_IMU.uvprojx
Project File Date:  04/26/2026

<h2>Output:</h2>
*** Using Compiler 'V6.21', folder: 'D:\Keil\ARM\ARMCLANG\Bin'
Build target 'CtrlBoard-H7_IMU'
compiling bsp_PWM.c...
../Core/Src/freertos.c(29): warning: In file included from...
../User/APP\AGV_chassis_task.h(65): warning: 'PI' macro redefined [-Wmacro-redefined]
   65 | #define PI  3.1415f 
      |         ^
../Drivers/CMSIS/DSP/Include\arm_math.h(349): note: previous definition is here
  349 |   #define PI               3.14159265358979f
      |           ^
1 warning generated.
compiling freertos.c...
compiling BMI088driver.c...
linking...
Program Size: Code=49660 RO-data=1116 RW-data=2416 ZI-data=44704  
FromELF: creating hex file...
"CtrlBoard-H7_IMU\CtrlBoard-H7_IMU.axf" - 0 Error(s), 1 Warning(s).

<h2>Software Packages used:</h2>

Package Vendor: ARM
                https://www.keil.com/pack/ARM.CMSIS.6.3.0.pack
                ARM::CMSIS@6.3.0
                CMSIS (Common Microcontroller Software Interface Standard)
   * Component: CORE Version: 6.2.0

Package Vendor: Keil
                http://www.keil.com/pack/Keil.STM32H7xx_DFP.3.0.0.pack
                Keil::STM32H7xx_DFP@3.0.0
                STMicroelectronics STM32H7 Series Device Support and Examples

<h2>Collection of Component include folders:</h2>
  ./RTE/_CtrlBoard-H7_IMU
  D:/Keil/ARM/PACK/ARM/CMSIS/6.3.0/CMSIS/Core/Include
  D:/Keil/ARM/PACK/Keil/STM32H7xx_DFP/3.0.0/Drivers/CMSIS/Device/ST/STM32H7xx/Include

<h2>Collection of Component Files used:</h2>

   * Component: ARM::CMSIS:CORE@6.2.0
Build Time Elapsed:  00:00:02
</pre>
</body>
</html>
