*** Using Compiler 'V6.21', folder: 'D:\Keil\ARM\ARMCLANG\Bin'
Build target 'CtrlBoard-H7_IMU'
compiling gpio.c...
compiling dma.c...
compiling main.c...
../Core/Src/freertos.c(29): warning: In file included from...../User/APP\AGV_chassis_task.h(65): warning: 'PI' macro redefined [-Wmacro-redefined]
   65 | #define PI  3.1415f 
      |         ^
../Drivers/CMSIS/DSP/Include\arm_math.h(349): note: previous definition is here
  349 |   #define PI               3.14159265358979f
      |           ^
1 warning generated.
compiling freertos.c...
compiling stm32h7xx_hal.c...
compiling stm32h7xx_hal_flash_ex.c...
compiling usart.c...
compiling stm32h7xx_hal_tim.c...
compiling stm32h7xx_hal_dma_ex.c...
compiling spi.c...
compiling stm32h7xx_hal_gpio.c...
compiling tim.c...
compiling stm32h7xx_hal_msp.c...
compiling stm32h7xx_hal_pwr_ex.c...
compiling stm32h7xx_hal_flash.c...
compiling stm32h7xx_it.c...
compiling stm32h7xx_hal_pcd_ex.c...
compiling stm32h7xx_ll_usb.c...
compiling stm32h7xx_hal_hsem.c...
compiling stm32h7xx_hal_mdma.c...
compiling stm32h7xx_hal_exti.c...
compiling stm32h7xx_hal_cortex.c...
compiling fdcan.c...
compiling stm32h7xx_hal_pwr.c...
compiling stm32h7xx_hal_timebase_tim.c...
compiling stm32h7xx_hal_i2c_ex.c...
compiling stm32h7xx_hal_spi_ex.c...
compiling stm32h7xx_hal_pcd.c...
compiling stm32h7xx_hal_rcc.c...
compiling BMI088Middleware.c...
compiling system_stm32h7xx.c...
compiling stm32h7xx_hal_uart_ex.c...
compiling DM_Motor.c...
compiling mahony_filter.c...
compiling BMI088driver.c...
compiling stm32h7xx_hal_spi.c...
compiling DJI_Motor.c...
compiling New_Remote_Control.c...
compiling stm32h7xx_hal_rcc_ex.c...
compiling stm32h7xx_hal_tim_ex.c...
compiling stm32h7xx_hal_fdcan.c...
compiling QuaternionEKF.c...
compiling stm32h7xx_hal_dma.c...
compiling stm32h7xx_hal_i2c.c...
compiling kalman_filter.c...
compiling VMC_calc.c...
compiling stm32h7xx_hal_uart.c...
../User/Lib/user_lib.c(17): warning: In file included from...../User/Lib\user_lib.h(118): warning: 'packed' attribute ignored [-Wignored-attributes]
  118 | typedef __packed struct
      |         ^
../Drivers/STM32H7xx_HAL_Driver/Inc\stm32h7xx_hal_def.h(115): note: expanded from macro '__packed'
  115 |     #define __packed  __attribute__((packed))
      |                                      ^
1 warning generated.
compiling user_lib.c...
compiling pid.c...
compiling CRC.c...
compiling croutine.c...
compiling FIFO.c...
compiling event_groups.c...
compiling list.c...
compiling stream_buffer.c...
compiling queue.c...
compiling timers.c...
compiling heap_4.c...
compiling tasks.c...
compiling cmsis_os.c...
compiling port.c...
../User/APP/INS_task.c(16): warning: In file included from...../User/Controller\controller.h(23): warning: In file included from...../User/Lib\user_lib.h(118): warning: 'packed' attribute ignored [-Wignored-attributes]
  118 | typedef __packed struct
      |         ^
../Drivers/STM32H7xx_HAL_Driver/Inc\stm32h7xx_hal_def.h(115): note: expanded from macro '__packed'
  115 |     #define __packed  __attribute__((packed))
      |                                      ^
../User/APP/INS_task.c(16): warning: In file included from...../User/Controller\controller.h(48): warning: 'packed' attribute ignored [-Wignored-attributes]
   48 | typedef __packed struct
      |         ^
../Drivers/STM32H7xx_HAL_Driver/Inc\stm32h7xx_hal_def.h(115): note: expanded from macro '__packed'
  115 |     #define __packed  __attribute__((packed))
      |                                      ^
../User/APP/INS_task.c(16): warning: In file included from...../User/Controller\controller.h(98): warning: 'packed' attribute ignored [-Wignored-attributes]
   98 | typedef __packed struct
      |         ^
../Drivers/STM32H7xx_HAL_Driver/Inc\stm32h7xx_hal_def.h(115): note: expanded from macro '__packed'
  115 |     #define __packed  __attribute__((packed))
      |                                      ^
../User/APP/INS_task.c(16): warning: In file included from...../User/Controller\controller.h(104): warning: 'packed' attribute ignored [-Wignored-attributes]
  104 | typedef __packed struct pid_t
      |         ^
../Drivers/STM32H7xx_HAL_Driver/Inc\stm32h7xx_hal_def.h(115): note: expanded from macro '__packed'
  115 |     #define __packed  __attribute__((packed))
      |                                      ^
../User/APP/INS_task.c(16): warning: In file included from...../User/Controller\controller.h(173): warning: 'packed' attribute ignored [-Wignored-attributes]
  173 | typedef __packed struct
      |         ^
../Drivers/STM32H7xx_HAL_Driver/Inc\stm32h7xx_hal_def.h(115): note: expanded from macro '__packed'
  115 |     #define __packed  __attribute__((packed))
      |                                      ^
../User/APP/INS_task.c(16): warning: In file included from...../User/Controller\controller.h(212): warning: 'packed' attribute ignored [-Wignored-attributes]
  212 | typedef __packed struct
      |         ^
../Drivers/STM32H7xx_HAL_Driver/Inc\stm32h7xx_hal_def.h(115): note: expanded from macro '__packed'
  115 |     #define __packed  __attribute__((packed))
      |                                      ^
../User/APP/INS_task.c(16): warning: In file included from...../User/Controller\controller.h(255): warning: 'packed' attribute ignored [-Wignored-attributes]
  255 | typedef __packed struct
      |         ^
../Drivers/STM32H7xx_HAL_Driver/Inc\stm32h7xx_hal_def.h(115): note: expanded from macro '__packed'
  115 |     #define __packed  __attribute__((packed))
      |                                      ^
7 warnings generated.
compiling INS_task.c...
compiling REMOTE_task.c...
compiling bsp_dwt.c...
compiling AGV_chassis_task.c...
compiling bsp_PWM.c...
compiling bsp_can.c...
compiling bsp_uart.c...
compiling bsp_usb.c...
../User/Controller/controller.c(14): warning: In file included from...../User/Controller\controller.h(23): warning: In file included from...../User/Lib\user_lib.h(118): warning: 'packed' attribute ignored [-Wignored-attributes]
  118 | typedef __packed struct
      |         ^
../Drivers/STM32H7xx_HAL_Driver/Inc\stm32h7xx_hal_def.h(115): note: expanded from macro '__packed'
  115 |     #define __packed  __attribute__((packed))
      |                                      ^
../User/Controller/controller.c(14): warning: In file included from...../User/Controller\controller.h(48): warning: 'packed' attribute ignored [-Wignored-attributes]
   48 | typedef __packed struct
      |         ^
../Drivers/STM32H7xx_HAL_Driver/Inc\stm32h7xx_hal_def.h(115): note: expanded from macro '__packed'
  115 |     #define __packed  __attribute__((packed))
      |                                      ^
../User/Controller/controller.c(14): warning: In file included from...../User/Controller\controller.h(98): warning: 'packed' attribute ignored [-Wignored-attributes]
   98 | typedef __packed struct
      |         ^
../Drivers/STM32H7xx_HAL_Driver/Inc\stm32h7xx_hal_def.h(115): note: expanded from macro '__packed'
  115 |     #define __packed  __attribute__((packed))
      |                                      ^
../User/Controller/controller.c(14): warning: In file included from...../User/Controller\controller.h(104): warning: 'packed' attribute ignored [-Wignored-attributes]
  104 | typedef __packed struct pid_t
      |         ^
../Drivers/STM32H7xx_HAL_Driver/Inc\stm32h7xx_hal_def.h(115): note: expanded from macro '__packed'
  115 |     #define __packed  __attribute__((packed))
      |                                      ^
../User/Controller/controller.c(14): warning: In file included from...../User/Controller\controller.h(173): warning: 'packed' attribute ignored [-Wignored-attributes]
  173 | typedef __packed struct
      |         ^
../Drivers/STM32H7xx_HAL_Driver/Inc\stm32h7xx_hal_def.h(115): note: expanded from macro '__packed'
  115 |     #define __packed  __attribute__((packed))
      |                                      ^
../User/Controller/controller.c(14): warning: In file included from...../User/Controller\controller.h(212): warning: 'packed' attribute ignored [-Wignored-attributes]
  212 | typedef __packed struct
      |         ^
../Drivers/STM32H7xx_HAL_Driver/Inc\stm32h7xx_hal_def.h(115): note: expanded from macro '__packed'
  115 |     #define __packed  __attribute__((packed))
      |                                      ^
../User/Controller/controller.c(14): warning: In file included from...../User/Controller\controller.h(255): warning: 'packed' attribute ignored [-Wignored-attributes]
  255 | typedef __packed struct
      |         ^
../Drivers/STM32H7xx_HAL_Driver/Inc\stm32h7xx_hal_def.h(115): note: expanded from macro '__packed'
  115 |     #define __packed  __attribute__((packed))
      |                                      ^
7 warnings generated.
compiling controller.c...
compiling usb_device.c...
compiling usbd_desc.c...
compiling usbd_cdc_if.c...
compiling usbd_conf.c...
compiling usbd_core.c...
compiling usbd_ioreq.c...
compiling usbd_ctlreq.c...
compiling usbd_cdc.c...
linking...
Program Size: Code=53668 RO-data=1116 RW-data=2436 ZI-data=45108  
FromELF: creating hex file...
"CtrlBoard-H7_IMU\CtrlBoard-H7_IMU.axf" - 0 Error(s), 16 Warning(s).
Build Time Elapsed:  00:00:05
