<html>
<body>
<pre>
<h1>µVision Build Log</h1>
<h2>Tool Versions:</h2>
IDE-Version: ¦ÌVision V5.39.0.0
Copyright (C) 2023 ARM Ltd and ARM Germany GmbH. All rights reserved.
License Information: A Car, 9, LIC=HN0AE-5U1H9-UHG8H-WGN20-BXKR2-J2ULA
 
Tool Versions:
Toolchain:       MDK-ARM Plus  Version: 5.39.0.0
Toolchain Path:  D:\Keil\ARM\ARMCLANG\Bin
C Compiler:      ArmClang.exe V6.21
Assembler:       Armasm.exe V6.21
Linker/Locator:  ArmLink.exe V6.21
Library Manager: ArmAr.exe V6.21
Hex Converter:   FromElf.exe V6.21
CPU DLL:         SARMCM3.DLL V5.39.0.0
Dialog DLL:      DCM.DLL V1.17.5.0
Target DLL:      CMSIS_AGDI.dll V1.33.16.0
Dialog DLL:      TCM.DLL V1.56.4.0
 
<h2>Project:</h2>
D:\DeskTop\HALProject\R1Streering wheel_AGV_New\MDK-ARM\CtrlBoard-H7_IMU.uvprojx
Project File Date:  05/08/2026

<h2>Output:</h2>
*** Using Compiler 'V6.21', folder: 'D:\Keil\ARM\ARMCLANG\Bin'
Build target 'CtrlBoard-H7_IMU'
compiling gpio.c...
compiling stm32h7xx_hal_msp.c...
compiling main.c...
compiling stm32h7xx_hal_rcc.c...
compiling stm32h7xx_hal_pcd.c...
compiling stm32h7xx_hal_flash_ex.c...
compiling stm32h7xx_hal_pwr.c...
compiling stm32h7xx_hal_flash.c...
../Core/Src/freertos.c(25): warning: In file included from...
../User/APP\AGV_Chassis_Task.h(5): warning: In file included from...
../User/Devices/DJI_Motor\DJI_Motor.h(22): warning: In file included from...
../User/Algorithm/PID\pid.h(24): warning: redefinition of typedef 'fp32' is a C11 feature [-Wtypedef-redefinition]
   24 | typedef float fp32;
      |               ^
../Core/Inc\main.h(78): note: previous definition is here
   78 | typedef float fp32;
      |               ^
../Core/Src/freertos.c(25): warning: In file included from...
../User/APP\AGV_Chassis_Task.h(7): warning: redefinition of typedef 'fp32' is a C11 feature [-Wtypedef-redefinition]
    7 | typedef float fp32;
      |               ^
../User/Algorithm/PID\pid.h(24): note: previous definition is here
   24 | typedef float fp32;
      |               ^
2 warnings generated.
compiling freertos.c...
compiling stm32h7xx_hal_gpio.c...
compiling stm32h7xx_hal_pwr_ex.c...
compiling stm32h7xx_hal_timebase_tim.c...
compiling tim.c...
compiling stm32h7xx_hal_dma_ex.c...
compiling stm32h7xx_hal_pcd_ex.c...
compiling stm32h7xx_it.c...
compiling dma.c...
compiling stm32h7xx_hal_cortex.c...
compiling fdcan.c...
compiling stm32h7xx_ll_usb.c...
compiling stm32h7xx_hal_dma.c...
compiling spi.c...
compiling stm32h7xx_hal_hsem.c...
compiling stm32h7xx_hal_i2c_ex.c...
compiling stm32h7xx_hal.c...
compiling system_stm32h7xx.c...
compiling stm32h7xx_hal_spi_ex.c...
compiling stm32h7xx_hal_exti.c...
compiling usart.c...
compiling stm32h7xx_hal_uart_ex.c...
compiling BMI088driver.c...
compiling stm32h7xx_hal_mdma.c...
compiling stm32h7xx_hal_tim_ex.c...
compiling stm32h7xx_hal_rcc_ex.c...
compiling stm32h7xx_hal_spi.c...
compiling BMI088Middleware.c...
compiling stm32h7xx_hal_i2c.c...
compiling Remote_Control.c...
compiling stm32h7xx_hal_fdcan.c...
compiling stm32h7xx_hal_uart.c...
compiling croutine.c...
compiling kalman_filter.c...
compiling list.c...
../User/Devices/DM_Motor/DM_Motor.c(15): warning: In file included from...
../User/Devices/DM_Motor\DM_Motor.h(21): warning: In file included from...
../User/Algorithm/PID\pid.h(24): warning: redefinition of typedef 'fp32' is a C11 feature [-Wtypedef-redefinition]
   24 | typedef float fp32;
      |               ^
../Core/Inc\main.h(78): note: previous definition is here
   78 | typedef float fp32;
      |               ^
../User/Devices/DM_Motor/DM_Motor.c(19): warning: In file included from...
../User/APP\AGV_Chassis_Task.h(7): warning: redefinition of typedef 'fp32' is a C11 feature [-Wtypedef-redefinition]
    7 | typedef float fp32;
      |               ^
../User/Algorithm/PID\pid.h(24): note: previous definition is here
   24 | typedef float fp32;
      |               ^
2 warnings generated.
compiling DM_Motor.c...
compiling VMC_calc.c...
compiling CRC.c...
compiling QuaternionEKF.c...
compiling event_groups.c...
../User/Devices/DJI_Motor/DJI_Motor.c(15): warning: In file included from...
../User/Devices/DJI_Motor\DJI_Motor.h(22): warning: In file included from...
../User/Algorithm/PID\pid.h(24): warning: redefinition of typedef 'fp32' is a C11 feature [-Wtypedef-redefinition]
   24 | typedef float fp32;
      |               ^
../Core/Inc\main.h(78): note: previous definition is here
   78 | typedef float fp32;
      |               ^
1 warning generated.
compiling DJI_Motor.c...
compiling mahony_filter.c...
../User/Algorithm/PID/pid.c(15): warning: In file included from...
../User/Algorithm/PID\pid.h(24): warning: redefinition of typedef 'fp32' is a C11 feature [-Wtypedef-redefinition]
   24 | typedef float fp32;
      |               ^
../Core/Inc\main.h(78): note: previous definition is here
   78 | typedef float fp32;
      |               ^
1 warning generated.
compiling pid.c...
compiling stream_buffer.c...
compiling timers.c...
compiling FIFO.c...
../User/Lib/user_lib.c(17): warning: In file included from...
../User/Lib\user_lib.h(118): warning: 'packed' attribute ignored [-Wignored-attributes]
  118 | typedef __packed struct
      |         ^
../Drivers/STM32H7xx_HAL_Driver/Inc\stm32h7xx_hal_def.h(115): note: expanded from macro '__packed'
  115 |     #define __packed  __attribute__((packed))
      |                                      ^
1 warning generated.
compiling user_lib.c...
compiling stm32h7xx_hal_tim.c...
compiling queue.c...
compiling heap_4.c...
compiling tasks.c...
compiling cmsis_os.c...
compiling port.c...
../User/APP/INS_task.c(16): warning: In file included from...
../User/Controller\controller.h(23): warning: In file included from...
../User/Lib\user_lib.h(118): warning: 'packed' attribute ignored [-Wignored-attributes]
  118 | typedef __packed struct
      |         ^
../Drivers/STM32H7xx_HAL_Driver/Inc\stm32h7xx_hal_def.h(115): note: expanded from macro '__packed'
  115 |     #define __packed  __attribute__((packed))
      |                                      ^
../User/APP/INS_task.c(16): warning: In file included from...
../User/Controller\controller.h(48): warning: 'packed' attribute ignored [-Wignored-attributes]
   48 | typedef __packed struct
      |         ^
../Drivers/STM32H7xx_HAL_Driver/Inc\stm32h7xx_hal_def.h(115): note: expanded from macro '__packed'
  115 |     #define __packed  __attribute__((packed))
      |                                      ^
../User/APP/INS_task.c(16): warning: In file included from...
../User/Controller\controller.h(98): warning: 'packed' attribute ignored [-Wignored-attributes]
   98 | typedef __packed struct
      |         ^
../Drivers/STM32H7xx_HAL_Driver/Inc\stm32h7xx_hal_def.h(115): note: expanded from macro '__packed'
  115 |     #define __packed  __attribute__((packed))
      |                                      ^
../User/APP/INS_task.c(16): warning: In file included from...
../User/Controller\controller.h(104): warning: 'packed' attribute ignored [-Wignored-attributes]
  104 | typedef __packed struct pid_t
      |         ^
../Drivers/STM32H7xx_HAL_Driver/Inc\stm32h7xx_hal_def.h(115): note: expanded from macro '__packed'
  115 |     #define __packed  __attribute__((packed))
      |                                      ^
../User/APP/INS_task.c(16): warning: In file included from...
../User/Controller\controller.h(173): warning: 'packed' attribute ignored [-Wignored-attributes]
  173 | typedef __packed struct
      |         ^
../Drivers/STM32H7xx_HAL_Driver/Inc\stm32h7xx_hal_def.h(115): note: expanded from macro '__packed'
  115 |     #define __packed  __attribute__((packed))
      |                                      ^
../User/APP/INS_task.c(16): warning: In file included from...
../User/Controller\controller.h(212): warning: 'packed' attribute ignored [-Wignored-attributes]
  212 | typedef __packed struct
      |         ^
../Drivers/STM32H7xx_HAL_Driver/Inc\stm32h7xx_hal_def.h(115): note: expanded from macro '__packed'
  115 |     #define __packed  __attribute__((packed))
      |                                      ^
../User/APP/INS_task.c(16): warning: In file included from...
../User/Controller\controller.h(255): warning: 'packed' attribute ignored [-Wignored-attributes]
  255 | typedef __packed struct
      |         ^
../Drivers/STM32H7xx_HAL_Driver/Inc\stm32h7xx_hal_def.h(115): note: expanded from macro '__packed'
  115 |     #define __packed  __attribute__((packed))
      |                                      ^
7 warnings generated.
compiling INS_task.c...
compiling bsp_dwt.c...
../User/APP/AGV_Chassis_Task.c(1): warning: In file included from...
../User/APP\AGV_Chassis_Task.h(5): warning: In file included from...
../User/Devices/DJI_Motor\DJI_Motor.h(22): warning: In file included from...
../User/Algorithm/PID\pid.h(24): warning: redefinition of typedef 'fp32' is a C11 feature [-Wtypedef-redefinition]
   24 | typedef float fp32;
      |               ^
../Core/Inc\main.h(78): note: previous definition is here
   78 | typedef float fp32;
      |               ^
../User/APP/AGV_Chassis_Task.c(1): warning: In file included from...
../User/APP\AGV_Chassis_Task.h(7): warning: redefinition of typedef 'fp32' is a C11 feature [-Wtypedef-redefinition]
    7 | typedef float fp32;
      |               ^
../User/Algorithm/PID\pid.h(24): note: previous definition is here
   24 | typedef float fp32;
      |               ^
2 warnings generated.
compiling AGV_Chassis_Task.c...
compiling bsp_PWM.c...
compiling bsp_uart.c...
../User/Bsp/bsp_can.c(18): warning: In file included from...
../User/Devices/DJI_Motor\DJI_Motor.h(22): warning: In file included from...
../User/Algorithm/PID\pid.h(24): warning: redefinition of typedef 'fp32' is a C11 feature [-Wtypedef-redefinition]
   24 | typedef float fp32;
      |               ^
../Core/Inc\main.h(78): note: previous definition is here
   78 | typedef float fp32;
      |               ^
../User/Bsp/bsp_can.c(20): warning: In file included from...
../User/APP\AGV_Chassis_Task.h(7): warning: redefinition of typedef 'fp32' is a C11 feature [-Wtypedef-redefinition]
    7 | typedef float fp32;
      |               ^
../User/Algorithm/PID\pid.h(24): note: previous definition is here
   24 | typedef float fp32;
      |               ^
2 warnings generated.
compiling bsp_can.c...
compiling bsp_usb.c...
compiling usb_device.c...
../User/Controller/controller.c(14): warning: In file included from...
../User/Controller\controller.h(23): warning: In file included from...
../User/Lib\user_lib.h(118): warning: 'packed' attribute ignored [-Wignored-attributes]
  118 | typedef __packed struct
      |         ^
../Drivers/STM32H7xx_HAL_Driver/Inc\stm32h7xx_hal_def.h(115): note: expanded from macro '__packed'
  115 |     #define __packed  __attribute__((packed))
      |                                      ^
../User/Controller/controller.c(14): warning: In file included from...
../User/Controller\controller.h(48): warning: 'packed' attribute ignored [-Wignored-attributes]
   48 | typedef __packed struct
      |         ^
../Drivers/STM32H7xx_HAL_Driver/Inc\stm32h7xx_hal_def.h(115): note: expanded from macro '__packed'
  115 |     #define __packed  __attribute__((packed))
      |                                      ^
../User/Controller/controller.c(14): warning: In file included from...
../User/Controller\controller.h(98): warning: 'packed' attribute ignored [-Wignored-attributes]
   98 | typedef __packed struct
      |         ^
../Drivers/STM32H7xx_HAL_Driver/Inc\stm32h7xx_hal_def.h(115): note: expanded from macro '__packed'
  115 |     #define __packed  __attribute__((packed))
      |                                      ^
../User/Controller/controller.c(14): warning: In file included from...
../User/Controller\controller.h(104): warning: 'packed' attribute ignored [-Wignored-attributes]
  104 | typedef __packed struct pid_t
      |         ^
../Drivers/STM32H7xx_HAL_Driver/Inc\stm32h7xx_hal_def.h(115): note: expanded from macro '__packed'
  115 |     #define __packed  __attribute__((packed))
      |                                      ^
../User/Controller/controller.c(14): warning: In file included from...
../User/Controller\controller.h(173): warning: 'packed' attribute ignored [-Wignored-attributes]
  173 | typedef __packed struct
      |         ^
../Drivers/STM32H7xx_HAL_Driver/Inc\stm32h7xx_hal_def.h(115): note: expanded from macro '__packed'
  115 |     #define __packed  __attribute__((packed))
      |                                      ^
../User/Controller/controller.c(14): warning: In file included from...
../User/Controller\controller.h(212): warning: 'packed' attribute ignored [-Wignored-attributes]
  212 | typedef __packed struct
      |         ^
../Drivers/STM32H7xx_HAL_Driver/Inc\stm32h7xx_hal_def.h(115): note: expanded from macro '__packed'
  115 |     #define __packed  __attribute__((packed))
      |                                      ^
../User/Controller/controller.c(14): warning: In file included from...
../User/Controller\controller.h(255): warning: 'packed' attribute ignored [-Wignored-attributes]
  255 | typedef __packed struct
      |         ^
../Drivers/STM32H7xx_HAL_Driver/Inc\stm32h7xx_hal_def.h(115): note: expanded from macro '__packed'
  115 |     #define __packed  __attribute__((packed))
      |                                      ^
7 warnings generated.
compiling controller.c...
compiling usbd_desc.c...
compiling usbd_cdc_if.c...
compiling usbd_conf.c...
compiling usbd_core.c...
compiling usbd_ioreq.c...
compiling usbd_ctlreq.c...
compiling usbd_cdc.c...
linking...
Program Size: Code=50276 RO-data=1080 RW-data=2900 ZI-data=43868  
FromELF: creating hex file...
"CtrlBoard-H7_IMU\CtrlBoard-H7_IMU.axf" - 0 Error(s), 25 Warning(s).

<h2>Software Packages used:</h2>

Package Vendor: ARM
                https://www.keil.com/pack/ARM.CMSIS.6.3.0.pack
                ARM::CMSIS@6.3.0
                CMSIS (Common Microcontroller Software Interface Standard)
   * Component: CORE Version: 6.2.0

Package Vendor: Keil
                http://www.keil.com/pack/Keil.STM32H7xx_DFP.3.0.0.pack
                Keil::STM32H7xx_DFP@3.0.0
                STMicroelectronics STM32H7 Series Device Support and Examples

<h2>Collection of Component include folders:</h2>
  ./RTE/_CtrlBoard-H7_IMU
  D:/Keil/ARM/PACK/ARM/CMSIS/6.3.0/CMSIS/Core/Include
  D:/Keil/ARM/PACK/Keil/STM32H7xx_DFP/3.0.0/Drivers/CMSIS/Device/ST/STM32H7xx/Include

<h2>Collection of Component Files used:</h2>

   * Component: ARM::CMSIS:CORE@6.2.0
Build Time Elapsed:  00:00:07
</pre>
</body>
</html>
